../Core/Src/FileTaches.cpp:3:1:FileTaches::FileTaches()	16	static
../Core/Src/FileTaches.cpp:9:6:void FileTaches::addLigne(double, double)	104	static
../Core/Src/FileTaches.cpp:20:6:void FileTaches::addRotation(double)	104	static
../Core/Src/FileTaches.cpp:32:6:void FileTaches::addWait(int)	96	static
../Core/Src/FileTaches.cpp:40:6:void FileTaches::sonarscan()	96	static
../Core/Src/FileTaches.cpp:48:6:void FileTaches::addTache(Tache)	32	static
../Core/Src/FileTaches.cpp:57:7:Tache FileTaches::popTache()	72	static
../Core/Src/FileTaches.cpp:75:6:void FileTaches::clear()	16	static
../Core/Src/FileTaches.cpp:81:6:void FileTaches::restart()	16	static
../Core/Src/FileTaches.cpp:86:6:bool FileTaches::isDone()	16	static
c:\st\stm32cubeide_1.10.1\stm32cubeide\plugins\com.st.stm32cube.ide.mcu.externaltools.gnu-tools-for-stm32.10.3-2021.10.win32_1.0.0.202111181127\tools\arm-none-eabi\include\c++\10.3.1\bits\stl_algobase.h:230:5:constexpr const _Tp& std::min(const _Tp&, const _Tp&) [with _Tp = int]	16	static
