../Core/Src/main.cpp:116:5:int main()	16	static
../Core/Src/main.cpp:218:6:void SystemClock_Config()	88	static
../Core/Src/main.cpp:257:13:void MX_NVIC_Init()	8	static
../Core/Src/main.cpp:268:6:void HAL_GPIO_EXTI_Callback(uint16_t)	16	static
../Core/Src/main.cpp:281:6:void trig_sonar()	8	static
../Core/Src/main.cpp:287:6:void stop_sonar()	8	static
../Core/Src/main.cpp:292:6:void HAL_TIM_PeriodElapsedCallback(TIM_HandleTypeDef*)	16	static
../Core/Src/main.cpp:302:6:void HAL_TIM_IC_CaptureCallback(TIM_HandleTypeDef*)	16	static
../Core/Src/main.cpp:334:6:void HAL_ADC_LevelOutOfWindowCallback(ADC_HandleTypeDef*)	16	static
../Core/Src/main.cpp:339:6:void Error_Handler()	4	static
