Archive member included to satisfy reference by file (symbol)

c:/st/stm32cubeide_1.10.1/stm32cubeide/plugins/com.st.stm32cube.ide.mcu.externaltools.gnu-tools-for-stm32.10.3-2021.10.win32_1.0.0.202111181127/tools/bin/../lib/gcc/arm-none-eabi/10.3.1/../../../../arm-none-eabi/lib/thumb/v7-m/nofp\libstdc++_nano.a(del_ops.o)
                              ./Core/Src/ControleurPID.o (operator delete(void*, unsigned int))
c:/st/stm32cubeide_1.10.1/stm32cubeide/plugins/com.st.stm32cube.ide.mcu.externaltools.gnu-tools-for-stm32.10.3-2021.10.win32_1.0.0.202111181127/tools/bin/../lib/gcc/arm-none-eabi/10.3.1/../../../../arm-none-eabi/lib/thumb/v7-m/nofp\libstdc++_nano.a(new_op.o)
                              ./Core/Src/Odometrie.o (operator new(unsigned int))
c:/st/stm32cubeide_1.10.1/stm32cubeide/plugins/com.st.stm32cube.ide.mcu.externaltools.gnu-tools-for-stm32.10.3-2021.10.win32_1.0.0.202111181127/tools/bin/../lib/gcc/arm-none-eabi/10.3.1/../../../../arm-none-eabi/lib/thumb/v7-m/nofp\libstdc++_nano.a(functexcept.o)
                              ./Core/Src/Trajet.o (std::__throw_bad_alloc())
c:/st/stm32cubeide_1.10.1/stm32cubeide/plugins/com.st.stm32cube.ide.mcu.externaltools.gnu-tools-for-stm32.10.3-2021.10.win32_1.0.0.202111181127/tools/bin/../lib/gcc/arm-none-eabi/10.3.1/../../../../arm-none-eabi/lib/thumb/v7-m/nofp\libstdc++_nano.a(snprintf_lite.o)
                              c:/st/stm32cubeide_1.10.1/stm32cubeide/plugins/com.st.stm32cube.ide.mcu.externaltools.gnu-tools-for-stm32.10.3-2021.10.win32_1.0.0.202111181127/tools/bin/../lib/gcc/arm-none-eabi/10.3.1/../../../../arm-none-eabi/lib/thumb/v7-m/nofp\libstdc++_nano.a(functexcept.o) (__gnu_cxx::__snprintf_lite(char*, unsigned int, char const*, std::__va_list))
c:/st/stm32cubeide_1.10.1/stm32cubeide/plugins/com.st.stm32cube.ide.mcu.externaltools.gnu-tools-for-stm32.10.3-2021.10.win32_1.0.0.202111181127/tools/bin/../lib/gcc/arm-none-eabi/10.3.1/../../../../arm-none-eabi/lib/thumb/v7-m/nofp\libstdc++_nano.a(del_op.o)
                              c:/st/stm32cubeide_1.10.1/stm32cubeide/plugins/com.st.stm32cube.ide.mcu.externaltools.gnu-tools-for-stm32.10.3-2021.10.win32_1.0.0.202111181127/tools/bin/../lib/gcc/arm-none-eabi/10.3.1/../../../../arm-none-eabi/lib/thumb/v7-m/nofp\libstdc++_nano.a(del_ops.o) (operator delete(void*))
c:/st/stm32cubeide_1.10.1/stm32cubeide/plugins/com.st.stm32cube.ide.mcu.externaltools.gnu-tools-for-stm32.10.3-2021.10.win32_1.0.0.202111181127/tools/bin/../lib/gcc/arm-none-eabi/10.3.1/../../../../arm-none-eabi/lib/thumb/v7-m/nofp\libstdc++_nano.a(new_handler.o)
                              c:/st/stm32cubeide_1.10.1/stm32cubeide/plugins/com.st.stm32cube.ide.mcu.externaltools.gnu-tools-for-stm32.10.3-2021.10.win32_1.0.0.202111181127/tools/bin/../lib/gcc/arm-none-eabi/10.3.1/../../../../arm-none-eabi/lib/thumb/v7-m/nofp\libstdc++_nano.a(new_op.o) (std::get_new_handler())
c:/st/stm32cubeide_1.10.1/stm32cubeide/plugins/com.st.stm32cube.ide.mcu.externaltools.gnu-tools-for-stm32.10.3-2021.10.win32_1.0.0.202111181127/tools/bin/../lib/gcc/arm-none-eabi/10.3.1/../../../../arm-none-eabi/lib/thumb/v7-m/nofp\libm.a(lib_a-s_cos.o)
                              ./Core/Src/Odometrie.o (cos)
c:/st/stm32cubeide_1.10.1/stm32cubeide/plugins/com.st.stm32cube.ide.mcu.externaltools.gnu-tools-for-stm32.10.3-2021.10.win32_1.0.0.202111181127/tools/bin/../lib/gcc/arm-none-eabi/10.3.1/../../../../arm-none-eabi/lib/thumb/v7-m/nofp\libm.a(lib_a-s_fmax.o)
                              ./Core/Src/BlocMoteurs.o (fmax)
c:/st/stm32cubeide_1.10.1/stm32cubeide/plugins/com.st.stm32cube.ide.mcu.externaltools.gnu-tools-for-stm32.10.3-2021.10.win32_1.0.0.202111181127/tools/bin/../lib/gcc/arm-none-eabi/10.3.1/../../../../arm-none-eabi/lib/thumb/v7-m/nofp\libm.a(lib_a-s_fmin.o)
                              ./Core/Src/BlocMoteurs.o (fmin)
c:/st/stm32cubeide_1.10.1/stm32cubeide/plugins/com.st.stm32cube.ide.mcu.externaltools.gnu-tools-for-stm32.10.3-2021.10.win32_1.0.0.202111181127/tools/bin/../lib/gcc/arm-none-eabi/10.3.1/../../../../arm-none-eabi/lib/thumb/v7-m/nofp\libm.a(lib_a-s_fpclassify.o)
                              c:/st/stm32cubeide_1.10.1/stm32cubeide/plugins/com.st.stm32cube.ide.mcu.externaltools.gnu-tools-for-stm32.10.3-2021.10.win32_1.0.0.202111181127/tools/bin/../lib/gcc/arm-none-eabi/10.3.1/../../../../arm-none-eabi/lib/thumb/v7-m/nofp\libm.a(lib_a-s_fmax.o) (__fpclassifyd)
c:/st/stm32cubeide_1.10.1/stm32cubeide/plugins/com.st.stm32cube.ide.mcu.externaltools.gnu-tools-for-stm32.10.3-2021.10.win32_1.0.0.202111181127/tools/bin/../lib/gcc/arm-none-eabi/10.3.1/../../../../arm-none-eabi/lib/thumb/v7-m/nofp\libm.a(lib_a-s_sin.o)
                              ./Core/Src/Odometrie.o (sin)
c:/st/stm32cubeide_1.10.1/stm32cubeide/plugins/com.st.stm32cube.ide.mcu.externaltools.gnu-tools-for-stm32.10.3-2021.10.win32_1.0.0.202111181127/tools/bin/../lib/gcc/arm-none-eabi/10.3.1/../../../../arm-none-eabi/lib/thumb/v7-m/nofp\libm.a(lib_a-sf_fmax.o)
[...]
Memory Configuration

Name             Origin             Length             Attributes
RAM              0x0000000020000000 0x0000000000005000 xrw
FLASH            0x0000000008000000 0x0000000000020000 xr
*default*        0x0000000000000000 0xffffffffffffffff

Linker script and memory map

LOAD c:/st/stm32cubeide_1.10.1/stm32cubeide/plugins/com.st.stm32cube.ide.mcu.externaltools.gnu-tools-for-stm32.10.3-2021.10.win32_1.0.0.202111181127/tools/bin/../lib/gcc/arm-none-eabi/10.3.1/thumb/v7-m/nofp/crti.o
LOAD c:/st/stm32cubeide_1.10.1/stm32cubeide/plugins/com.st.stm32cube.ide.mcu.externaltools.gnu-tools-for-stm32.10.3-2021.10.win32_1.0.0.202111181127/tools/bin/../lib/gcc/arm-none-eabi/10.3.1/thumb/v7-m/nofp/crtbegin.o
LOAD c:/st/stm32cubeide_1.10.1/stm32cubeide/plugins/com.st.stm32cube.ide.mcu.externaltools.gnu-tools-for-stm32.10.3-2021.10.win32_1.0.0.202111181127/tools/bin/../lib/gcc/arm-none-eabi/10.3.1/../../../../arm-none-eabi/lib/thumb/v7-m/nofp/crt0.o
LOAD ./Core/Src/BlocMoteurs.o
LOAD ./Core/Src/ControleurPID.o
LOAD ./Core/Src/DefileurTaches.o
LOAD ./Core/Src/EtatDynamiqueRobot.o
LOAD ./Core/Src/FileTaches.o
LOAD ./Core/Src/HardEncodeurs.o
LOAD ./Core/Src/Odometrie.o
LOAD ./Core/Src/Trajet.o
LOAD ./Core/Src/adc.o
LOAD ./Core/Src/gpio.o
LOAD ./Core/Src/main.o
LOAD ./Core/Src/sonar.o
LOAD ./Core/Src/stm32f1xx_hal_msp.o
LOAD ./Core/Src/stm32f1xx_it.o
LOAD ./Core/Src/syscalls.o
LOAD ./Core/Src/sysmem.o
LOAD ./Core/Src/system_stm32f1xx.o
LOAD ./Core/Src/tim.o
LOAD ./Core/Startup/startup_stm32f103rbtx.o
LOAD ./Drivers/STM32F1xx_HAL_Driver/Src/stm32f1xx_hal.o
LOAD ./Drivers/STM32F1xx_HAL_Driver/Src/stm32f1xx_hal_adc.o
LOAD ./Drivers/STM32F1xx_HAL_Driver/Src/stm32f1xx_hal_adc_ex.o
LOAD ./Drivers/STM32F1xx_HAL_Driver/Src/stm32f1xx_hal_cortex.o
LOAD ./Drivers/STM32F1xx_HAL_Driver/Src/stm32f1xx_hal_dma.o
LOAD ./Drivers/STM32F1xx_HAL_Driver/Src/stm32f1xx_hal_exti.o
LOAD ./Drivers/STM32F1xx_HAL_Driver/Src/stm32f1xx_hal_flash.o
LOAD ./Drivers/STM32F1xx_HAL_Driver/Src/stm32f1xx_hal_flash_ex.o
LOAD ./Drivers/STM32F1xx_HAL_Driver/Src/stm32f1xx_hal_gpio.o
LOAD ./Drivers/STM32F1xx_HAL_Driver/Src/stm32f1xx_hal_gpio_ex.o
LOAD ./Drivers/STM32F1xx_HAL_Driver/Src/stm32f1xx_hal_pwr.o
LOAD ./Drivers/STM32F1xx_HAL_Driver/Src/stm32f1xx_hal_rcc.o
LOAD ./Drivers/STM32F1xx_HAL_Driver/Src/stm32f1xx_hal_rcc_ex.o
LOAD ./Drivers/STM32F1xx_HAL_Driver/Src/stm32f1xx_hal_tim.o
LOAD ./Drivers/STM32F1xx_HAL_Driver/Src/stm32f1xx_hal_tim_ex.o
START GROUP
LOAD c:/st/stm32cubeide_1.10.1/stm32cubeide/plugins/com.st.stm32cube.ide.mcu.externaltools.gnu-tools-for-stm32.10.3-2021.10.win32_1.0.0.202111181127/tools/bin/../lib/gcc/arm-none-eabi/10.3.1/../../../../arm-none-eabi/lib/thumb/v7-m/nofp\libstdc++_nano.a
LOAD c:/st/stm32cubeide_1.10.1/stm32cubeide/plugins/com.st.stm32cube.ide.mcu.externaltools.gnu-tools-for-stm32.10.3-2021.10.win32_1.0.0.202111181127/tools/bin/../lib/gcc/arm-none-eabi/10.3.1/../../../../arm-none-eabi/lib/thumb/v7-m/nofp\libsupc++_nano.a
END GROUP
LOAD c:/st/stm32cubeide_1.10.1/stm32cubeide/plugins/com.st.stm32cube.ide.mcu.externaltools.gnu-tools-for-stm32.10.3-2021.10.win32_1.0.0.202111181127/tools/bin/../lib/gcc/arm-none-eabi/10.3.1/../../../../arm-none-eabi/lib/thumb/v7-m/nofp\libstdc++_nano.a
LOAD c:/st/stm32cubeide_1.10.1/stm32cubeide/plugins/com.st.stm32cube.ide.mcu.externaltools.gnu-tools-for-stm32.10.3-2021.10.win32_1.0.0.202111181127/tools/bin/../lib/gcc/arm-none-eabi/10.3.1/../../../../arm-none-eabi/lib/thumb/v7-m/nofp\libm.a
LOAD c:/st/stm32cubeide_1.10.1/stm32cubeide/plugins/com.st.stm32cube.ide.mcu.externaltools.gnu-tools-for-stm32.10.3-2021.10.win32_1.0.0.202111181127/tools/bin/../lib/gcc/arm-none-eabi/10.3.1/../../../../arm-none-eabi/lib/thumb/v7-m/nofp\libc_nano.a
START GROUP
LOAD c:/st/stm32cubeide_1.10.1/stm32cubeide/plugins/com.st.stm32cube.ide.mcu.externaltools.gnu-tools-for-stm32.10.3-2021.10.win32_1.0.0.202111181127/tools/bin/../lib/gcc/arm-none-eabi/10.3.1/thumb/v7-m/nofp\libgcc.a
LOAD c:/st/stm32cubeide_1.10.1/stm32cubeide/plugins/com.st.stm32cube.ide.mcu.externaltools.gnu-tools-for-stm32.10.3-2021.10.win32_1.0.0.202111181127/tools/bin/../lib/gcc/arm-none-eabi/10.3.1/../../../../arm-none-eabi/lib/thumb/v7-m/nofp\libc_nano.a
END GROUP
START GROUP
LOAD c:/st/stm32cubeide_1.10.1/stm32cubeide/plugins/com.st.stm32cube.ide.mcu.externaltools.gnu-tools-for-stm32.10.3-2021.10.win32_1.0.0.202111181127/tools/bin/../lib/gcc/arm-none-eabi/10.3.1/thumb/v7-m/nofp\libgcc.a
LOAD c:/st/stm32cubeide_1.10.1/stm32cubeide/plugins/com.st.stm32cube.ide.mcu.externaltools.gnu-tools-for-stm32.10.3-2021.10.win32_1.0.0.202111181127/tools/bin/../lib/gcc/arm-none-eabi/10.3.1/../../../../arm-none-eabi/lib/thumb/v7-m/nofp\libc_nano.a
END GROUP
LOAD c:/st/stm32cubeide_1.10.1/stm32cubeide/plugins/com.st.stm32cube.ide.mcu.externaltools.gnu-tools-for-stm32.10.3-2021.10.win32_1.0.0.202111181127/tools/bin/../lib/gcc/arm-none-eabi/10.3.1/thumb/v7-m/nofp/crtend.o
LOAD c:/st/stm32cubeide_1.10.1/stm32cubeide/plugins/com.st.stm32cube.ide.mcu.externaltools.gnu-tools-for-stm32.10.3-2021.10.win32_1.0.0.202111181127/tools/bin/../lib/gcc/arm-none-eabi/10.3.1/thumb/v7-m/nofp/crtn.o
                0x0000000020005000                _estack = (ORIGIN (RAM) + LENGTH (RAM))
                0x0000000000000200                _Min_Heap_Size = 0x200
                0x0000000000000400                _Min_Stack_Size = 0x400

.isr_vector     0x0000000008000000      0x10c
                0x0000000008000000                . = ALIGN (0x4)
 *(.isr_vector)
 .isr_vector    0x0000000008000000      0x10c ./Core/Startup/startup_stm32f103rbtx.o
                0x0000000008000000                g_pfnVectors
                0x000000000800010c                . = ALIGN (0x4)

.text           0x0000000008000110     0x9c44
                0x0000000008000110                . = ALIGN (0x4)
 *(.text)
 .text          0x0000000008000110       0x40 c:/st/stm32cubeide_1.10.1/stm32cubeide/plugins/com.st.stm32cube.ide.mcu.externaltools.gnu-tools-for-stm32.10.3-2021.10.win32_1.0.0.202111181127/tools/bin/../lib/gcc/arm-none-eabi/10.3.1/thumb/v7-m/nofp/crtbegin.o
 .text          0x0000000008000150      0x168 c:/st/stm32cubeide_1.10.1/stm32cubeide/plugins/com.st.stm32cube.ide.mcu.externaltools.gnu-tools-for-stm32.10.3-2021.10.win32_1.0.0.202111181127/tools/bin/../lib/gcc/arm-none-eabi/10.3.1/thumb/v7-m/nofp\libgcc.a(_arm_mulsf3.o)
                0x0000000008000150                __aeabi_fmul
                0x0000000008000150                __mulsf3
 .text          0x00000000080002b8      0x378 c:/st/stm32cubeide_1.10.1/stm32cubeide/plugins/com.st.stm32cube.ide.mcu.externaltools.gnu-tools-for-stm32.10.3-2021.10.win32_1.0.0.202111181127/tools/bin/../lib/gcc/arm-none-eabi/10.3.1/thumb/v7-m/nofp\libgcc.a(_arm_addsubdf3.o)
                0x00000000080002b8                __aeabi_drsub
                0x00000000080002c0                __aeabi_dsub
                0x00000000080002c0                __subdf3
                0x00000000080002c4                __aeabi_dadd
                0x00000000080002c4                __adddf3
                0x000000000800053c                __floatunsidf
                0x000000000800053c                __aeabi_ui2d
                0x000000000800055c                __floatsidf
                0x000000000800055c                __aeabi_i2d
                0x0000000008000580                __aeabi_f2d
                0x0000000008000580                __extendsfdf2
                0x00000000080005c4                __floatundidf
                0x00000000080005c4                __aeabi_ul2d
                0x00000000080005d4                __floatdidf
                0x00000000080005d4                __aeabi_l2d
 .text          0x0000000008000630      0x424 c:/st/stm32cubeide_1.10.1/stm32cubeide/plugins/com.st.stm32cube.ide.mcu.externaltools.gnu-tools-for-stm32.10.3-2021.10.win32_1.0.0.202111181127/tools/bin/../lib/gcc/arm-none-eabi/10.3.1/thumb/v7-m/nofp\libgcc.a(_arm_muldivdf3.o)
                0x0000000008000630                __aeabi_dmul
                0x0000000008000630                __muldf3
                0x0000000008000884                __divdf3
                0x0000000008000884                __aeabi_ddiv
 .text          0x0000000008000a54      0x110 c:/st/stm32cubeide_1.10.1/stm32cubeide/plugins/com.st.stm32cube.ide.mcu.externaltools.gnu-tools-for-stm32.10.3-2021.10.win32_1.0.0.202111181127/tools/bin/../lib/gcc/arm-none-eabi/10.3.1/thumb/v7-m/nofp\libgcc.a(_arm_cmpdf2.o)
                0x0000000008000a54                __gtdf2
                0x0000000008000a54                __gedf2
                0x0000000008000a5c                __ltdf2
                0x0000000008000a5c                __ledf2
                0x0000000008000a64                __nedf2
                0x0000000008000a64                __eqdf2
                0x0000000008000a64                __cmpdf2
                0x0000000008000ae0                __aeabi_cdrcmple
                0x0000000008000af0                __aeabi_cdcmpeq
                0x0000000008000af0                __aeabi_cdcmple
                0x0000000008000b00                __aeabi_dcmpeq
                0x0000000008000b14                __aeabi_dcmplt
                0x0000000008000b28                __aeabi_dcmple
                0x0000000008000b3c                __aeabi_dcmpge
                0x0000000008000b50                __aeabi_dcmpgt
 .text          0x0000000008000b64       0x2c c:/st/stm32cubeide_1.10.1/stm32cubeide/plugins/com.st.stm32cube.ide.mcu.externaltools.gnu-tools-for-stm32.10.3-2021.10.win32_1.0.0.202111181127/tools/bin/../lib/gcc/arm-none-eabi/10.3.1/thumb/v7-m/nofp\libgcc.a(_arm_unorddf2.o)
                0x0000000008000b64                __unorddf2
                0x0000000008000b64                __aeabi_dcmpun
 .text          0x0000000008000b90       0x50 c:/st/stm32cubeide_1.10.1/stm32cubeide/plugins/com.st.stm32cube.ide.mcu.externaltools.gnu-tools-for-stm32.10.3-2021.10.win32_1.0.0.202111181127/tools/bin/../lib/gcc/arm-none-eabi/10.3.1/thumb/v7-m/nofp\libgcc.a(_arm_fixdfsi.o)
                0x0000000008000b90                __aeabi_d2iz
                0x0000000008000b90                __fixdfsi
 .text          0x0000000008000be0       0xa0 c:/st/stm32cubeide_1.10.1/stm32cubeide/plugins/com.st.stm32cube.ide.mcu.externaltools.gnu-tools-for-stm32.10.3-2021.10.win32_1.0.0.202111181127/tools/bin/../lib/gcc/arm-none-eabi/10.3.1/thumb/v7-m/nofp\libgcc.a(_arm_truncdfsf2.o)
                0x0000000008000be0                __truncdfsf2
                0x0000000008000be0                __aeabi_d2f
 .text          0x0000000008000c80      0x21c c:/st/stm32cubeide_1.10.1/stm32cubeide/plugins/com.st.stm32cube.ide.mcu.externaltools.gnu-tools-for-stm32.10.3-2021.10.win32_1.0.0.202111181127/tools/bin/../lib/gcc/arm-none-eabi/10.3.1/thumb/v7-m/nofp\libgcc.a(_arm_addsubsf3.o)
                0x0000000008000c80                __aeabi_frsub
                0x0000000008000c88                __subsf3
                0x0000000008000c88                __aeabi_fsub
                0x0000000008000c8c                __aeabi_fadd
                0x0000000008000c8c                __addsf3
                0x0000000008000dec                __aeabi_ui2f
                0x0000000008000dec                __floatunsisf
                0x0000000008000df4                __aeabi_i2f
                0x0000000008000df4                __floatsisf
                0x0000000008000e10                __aeabi_ul2f
                0x0000000008000e10                __floatundisf
                0x0000000008000e20                __aeabi_l2f
                0x0000000008000e20                __floatdisf
 .text          0x0000000008000e9c       0xec c:/st/stm32cubeide_1.10.1/stm32cubeide/plugins/com.st.stm32cube.ide.mcu.externaltools.gnu-tools-for-stm32.10.3-2021.10.win32_1.0.0.202111181127/tools/bin/../lib/gcc/arm-none-eabi/10.3.1/thumb/v7-m/nofp\libgcc.a(_arm_cmpsf2.o)
                0x0000000008000e9c                __gesf2
                0x0000000008000e9c                __gtsf2
                0x0000000008000ea4                __lesf2
                0x0000000008000ea4                __ltsf2
                0x0000000008000eac                __nesf2
                0x0000000008000eac                __eqsf2
                0x0000000008000eac                __cmpsf2
                0x0000000008000f0c                __aeabi_cfrcmple
                0x0000000008000f14                __aeabi_cfcmpeq
                0x0000000008000f14                __aeabi_cfcmple
                0x0000000008000f24                __aeabi_fcmpeq
                0x0000000008000f38                __aeabi_fcmplt
                0x0000000008000f4c                __aeabi_fcmple
                0x0000000008000f60                __aeabi_fcmpge
                0x0000000008000f74                __aeabi_fcmpgt
 .text          0x0000000008000f88       0x4c c:/st/stm32cubeide_1.10.1/stm32cubeide/plugins/com.st.stm32cube.ide.mcu.externaltools.gnu-tools-for-stm32.10.3-2021.10.win32_1.0.0.202111181127/tools/bin/../lib/gcc/arm-none-eabi/10.3.1/thumb/v7-m/nofp\libgcc.a(_arm_fixsfsi.o)
                0x0000000008000f88                __aeabi_f2iz
                0x0000000008000f88                __fixsfsi
 *(.text*)
 .text._ZSt3absf
                0x0000000008000fd4       0x18 ./Core/Src/BlocMoteurs.o
                0x0000000008000fd4                std::abs(float)
 .text._ZSt4fmaxff
                0x0000000008000fec       0x1c ./Core/Src/BlocMoteurs.o
                0x0000000008000fec                std::fmax(float, float)
 .text._ZSt4fminff
                0x0000000008001008       0x1c ./Core/Src/BlocMoteurs.o
                0x0000000008001008                std::fmin(float, float)
 .text._ZN11BlocMoteursC2Ev
                0x0000000008001024       0x2c ./Core/Src/BlocMoteurs.o
                0x0000000008001024                BlocMoteurs::BlocMoteurs()
                0x0000000008001024                BlocMoteurs::BlocMoteurs()
 .text._ZN11BlocMoteurs17commande_vitessesEff
                0x0000000008001050      0x140 ./Core/Src/BlocMoteurs.o
                0x0000000008001050                BlocMoteurs::commande_vitesses(float, float)
 .text._ZSt4fminIiiEN9__gnu_cxx11__promote_2IT_T0_NS0_9__promoteIS2_XsrSt12__is_integerIS2_E7__valueEE6__typeENS4_IS3_XsrS5_IS3_E7__valueEE6__typeEE6__typeES2_S3_
                0x0000000008001190       0x34 ./Core/Src/BlocMoteurs.o
                0x0000000008001190                __gnu_cxx::__promote_2<int, int, __gnu_cxx::__promote<int, std::__is_integer<int>::__value>::__type, __gnu_cxx::__promote<int, std::__is_integer<int>::__value>::__type>::__type std::fmin<int, int>(int, int)
 .text._ZN11BlocMoteurs20set_vitesse_moteur_GEii
                0x00000000080011c4       0x68 ./Core/Src/BlocMoteurs.o
                0x00000000080011c4                BlocMoteurs::set_vitesse_moteur_G(int, int)
 .text._ZN11BlocMoteurs20set_vitesse_moteur_DEii
                0x000000000800122c       0x68 ./Core/Src/BlocMoteurs.o
                0x000000000800122c                BlocMoteurs::set_vitesse_moteur_D(int, int)
 .text._ZN11BlocMoteurs9motors_onEv
                0x0000000008001294       0x18 ./Core/Src/BlocMoteurs.o
                0x0000000008001294                BlocMoteurs::motors_on()
 .text._ZN11BlocMoteurs11motors_stopEv
                0x00000000080012ac       0x3c ./Core/Src/BlocMoteurs.o
                0x00000000080012ac                BlocMoteurs::motors_stop()
 .text._ZSt3absd
                0x00000000080012e8       0x1e ./Core/Src/ControleurPID.o
                0x00000000080012e8                std::abs(double)
 *fill*         0x0000000008001306        0x2 
 .text._ZN13ControleurPIDC2EP11BlocMoteursP9Odometrie
                0x0000000008001308      0x1b0 ./Core/Src/ControleurPID.o
                0x0000000008001308                ControleurPID::ControleurPID(BlocMoteurs*, Odometrie*)
                0x0000000008001308                ControleurPID::ControleurPID(BlocMoteurs*, Odometrie*)
 .text._ZN13ControleurPID6updateEv
                0x00000000080014b8       0x7c ./Core/Src/ControleurPID.o
                0x00000000080014b8                ControleurPID::update()
 *fill*         0x0000000008001534        0x4 
 .text._ZN13ControleurPID23_processErreursPolairesEv
                0x0000000008001538      0x308 ./Core/Src/ControleurPID.o
                0x0000000008001538                ControleurPID::_processErreursPolaires()
 .text._ZN13ControleurPID16setObjectifLigneEdd
                0x0000000008001840      0x104 ./Core/Src/ControleurPID.o
                0x0000000008001840                ControleurPID::setObjectifLigne(double, double)
 .text._ZN13ControleurPID19setObjectifRotationEd
                0x0000000008001944      0x102 ./Core/Src/ControleurPID.o
                0x0000000008001944                ControleurPID::setObjectifRotation(double)
 *fill*         0x0000000008001a46        0x2 
 .text._ZN13ControleurPID11_processPIDEv
                0x0000000008001a48      0x284 ./Core/Src/ControleurPID.o
                0x0000000008001a48                ControleurPID::_processPID()
 *fill*         0x0000000008001ccc        0x4 
 .text._ZN13ControleurPID19_processPIDRotationEv
                0x0000000008001cd0      0x148 ./Core/Src/ControleurPID.o
                0x0000000008001cd0                ControleurPID::_processPIDRotation()
 .text._ZN13ControleurPID19_normalizeConsignesEv
                0x0000000008001e18      0x158 ./Core/Src/ControleurPID.o
                0x0000000008001e18                ControleurPID::_normalizeConsignes()
 .text._ZN13ControleurPID15_applyConsignesEv
                0x0000000008001f70       0x64 ./Core/Src/ControleurPID.o
                0x0000000008001f70                ControleurPID::_applyConsignes()
 .text._ZSt3powIdiEN9__gnu_cxx11__promote_2IT_T0_NS0_9__promoteIS2_XsrSt12__is_integerIS2_E7__valueEE6__typeENS4_IS3_XsrS5_IS3_E7__valueEE6__typeEE6__typeES2_S3_
                0x0000000008001fd4       0x2c ./Core/Src/ControleurPID.o
                0x0000000008001fd4                __gnu_cxx::__promote_2<double, int, __gnu_cxx::__promote<double, std::__is_integer<double>::__value>::__type, __gnu_cxx::__promote<int, std::__is_integer<int>::__value>::__type>::__type std::pow<double, int>(double, int)
 .text._ZN14DefileurTachesC2EP10FileTachesP13ControleurPIDP5Sonar
                0x0000000008002000       0x38 ./Core/Src/DefileurTaches.o
                0x0000000008002000                DefileurTaches::DefileurTaches(FileTaches*, ControleurPID*, Sonar*)
                0x0000000008002000                DefileurTaches::DefileurTaches(FileTaches*, ControleurPID*, Sonar*)
 .text._ZN14DefileurTaches6updateEv
                0x0000000008002038      0x1a8 ./Core/Src/DefileurTaches.o
                0x0000000008002038                DefileurTaches::update()
 .text._ZN14DefileurTaches10transitionE5Tache
                0x00000000080021e0       0x8c ./Core/Src/DefileurTaches.o
                0x00000000080021e0                DefileurTaches::transition(Tache)
 .text._ZSt3maxIiERKT_S2_S2_
                0x000000000800226c       0x26 ./Core/Src/DefileurTaches.o
                0x000000000800226c                int const& std::max<int>(int const&, int const&)
 *fill*         0x0000000008002292        0x6 
 .text._ZN18EtatDynamiqueRobotC2Eddd
                0x0000000008002298      0x12c ./Core/Src/EtatDynamiqueRobot.o
                0x0000000008002298                EtatDynamiqueRobot::EtatDynamiqueRobot(double, double, double)
                0x0000000008002298                EtatDynamiqueRobot::EtatDynamiqueRobot(double, double, double)
 *fill*         0x00000000080023c4        0x4 
 .text._ZN18EtatDynamiqueRobot12versPositionEdddi
                0x00000000080023c8      0x158 ./Core/Src/EtatDynamiqueRobot.o
                0x00000000080023c8                EtatDynamiqueRobot::versPosition(double, double, double, int)
 .text._ZN18EtatDynamiqueRobot11setPositionEddd
                0x0000000008002520      0x14c ./Core/Src/EtatDynamiqueRobot.o
                0x0000000008002520                EtatDynamiqueRobot::setPosition(double, double, double)
 .text._ZN18EtatDynamiqueRobot6setVMGEd
                0x000000000800266c       0x58 ./Core/Src/EtatDynamiqueRobot.o
                0x000000000800266c                EtatDynamiqueRobot::setVMG(double)
 .text._ZN18EtatDynamiqueRobot6setVMDEd
                0x00000000080026c4       0x58 ./Core/Src/EtatDynamiqueRobot.o
                0x00000000080026c4                EtatDynamiqueRobot::setVMD(double)
 *fill*         0x000000000800271c        0x4 
 .text._ZNK18EtatDynamiqueRobot12deltaAngleToEdd
                0x0000000008002720      0x150 ./Core/Src/EtatDynamiqueRobot.o
                0x0000000008002720                EtatDynamiqueRobot::deltaAngleTo(double, double) const
 .text._ZNK18EtatDynamiqueRobot14getThetaRadianEv
                0x0000000008002870       0x1a ./Core/Src/EtatDynamiqueRobot.o
                0x0000000008002870                EtatDynamiqueRobot::getThetaRadian() const
 .text._ZNK18EtatDynamiqueRobot4getXEv
                0x000000000800288a       0x1a ./Core/Src/EtatDynamiqueRobot.o
                0x000000000800288a                EtatDynamiqueRobot::getX() const
 .text._ZNK18EtatDynamiqueRobot4getYEv
                0x00000000080028a4       0x1a ./Core/Src/EtatDynamiqueRobot.o
                0x00000000080028a4                EtatDynamiqueRobot::getY() const
 .text._ZNK18EtatDynamiqueRobot4getVEv
                0x00000000080028be       0x1a ./Core/Src/EtatDynamiqueRobot.o
                0x00000000080028be                EtatDynamiqueRobot::getV() const
 .text._ZNK18EtatDynamiqueRobot9getVThetaEv
                0x00000000080028d8       0x1a ./Core/Src/EtatDynamiqueRobot.o
                0x00000000080028d8                EtatDynamiqueRobot::getVTheta() const
 .text._ZN10FileTachesC2Ev
                0x00000000080028f2       0x24 ./Core/Src/FileTaches.o
                0x00000000080028f2                FileTaches::FileTaches()
                0x00000000080028f2                FileTaches::FileTaches()
 .text._ZN10FileTaches8popTacheEv
                0x0000000008002916       0xb0 ./Core/Src/FileTaches.o
                0x0000000008002916                FileTaches::popTache()
 .text._ZN10FileTaches6isDoneEv
                0x00000000080029c6       0x28 ./Core/Src/FileTaches.o
                0x00000000080029c6                FileTaches::isDone()
 .text._ZSt3minIiERKT_S2_S2_
                0x00000000080029ee       0x26 ./Core/Src/FileTaches.o
                0x00000000080029ee                int const& std::min<int>(int const&, int const&)
 .text._ZN13HardEncodeursC2Ev
                0x0000000008002a14       0x3c ./Core/Src/HardEncodeurs.o
                0x0000000008002a14                HardEncodeurs::HardEncodeurs()
                0x0000000008002a14                HardEncodeurs::HardEncodeurs()
 .text._ZN13HardEncodeurs19_processDeltaTicksGEv
                0x0000000008002a50       0x60 ./Core/Src/HardEncodeurs.o
                0x0000000008002a50                HardEncodeurs::_processDeltaTicksG()
 .text._ZN13HardEncodeurs19_processDeltaTicksDEv
                0x0000000008002ab0       0x60 ./Core/Src/HardEncodeurs.o
                0x0000000008002ab0                HardEncodeurs::_processDeltaTicksD()
 .text._ZN13HardEncodeurs13_processDeltaEtt
                0x0000000008002b10       0xc2 ./Core/Src/HardEncodeurs.o
                0x0000000008002b10                HardEncodeurs::_processDelta(unsigned short, unsigned short)
 .text._ZN13HardEncodeurs14getDeltaTicksGEv
                0x0000000008002bd2       0x1c ./Core/Src/HardEncodeurs.o
                0x0000000008002bd2                HardEncodeurs::getDeltaTicksG()
 .text._ZN13HardEncodeurs14getDeltaTicksDEv
                0x0000000008002bee       0x1c ./Core/Src/HardEncodeurs.o
                0x0000000008002bee                HardEncodeurs::getDeltaTicksD()
 *fill*         0x0000000008002c0a        0x2 
 .text._ZN9OdometrieC2Em
                0x0000000008002c0c       0x74 ./Core/Src/Odometrie.o
                0x0000000008002c0c                Odometrie::Odometrie(unsigned long)
                0x0000000008002c0c                Odometrie::Odometrie(unsigned long)
 .text._ZN9Odometrie6updateEv
                0x0000000008002c80      0x424 ./Core/Src/Odometrie.o
                0x0000000008002c80                Odometrie::update()
 .text._ZNK9Odometrie14getThetaRadianEv
                0x00000000080030a4       0x20 ./Core/Src/Odometrie.o
                0x00000000080030a4                Odometrie::getThetaRadian() const
 .text._ZNK9Odometrie4getXEv
                0x00000000080030c4       0x20 ./Core/Src/Odometrie.o
                0x00000000080030c4                Odometrie::getX() const
 .text._ZNK9Odometrie4getYEv
                0x00000000080030e4       0x20 ./Core/Src/Odometrie.o
                0x00000000080030e4                Odometrie::getY() const
 .text._ZNK9Odometrie4getVEv
                0x0000000008003104       0x20 ./Core/Src/Odometrie.o
                0x0000000008003104                Odometrie::getV() const
 .text._ZNK9Odometrie9getVThetaEv
                0x0000000008003124       0x20 ./Core/Src/Odometrie.o
                0x0000000008003124                Odometrie::getVTheta() const
 .text._ZNK9Odometrie12deltaAngleToEdd
                0x0000000008003144       0x32 ./Core/Src/Odometrie.o
                0x0000000008003144                Odometrie::deltaAngleTo(double, double) const
 *fill*         0x0000000008003176        0x2 
 .text.MX_ADC1_Init
                0x0000000008003178       0xc0 ./Core/Src/adc.o
                0x0000000008003178                MX_ADC1_Init
 .text.HAL_ADC_MspInit
                0x0000000008003238       0x88 ./Core/Src/adc.o
                0x0000000008003238                HAL_ADC_MspInit
 .text.MX_GPIO_Init
                0x00000000080032c0      0x184 ./Core/Src/gpio.o
                0x00000000080032c0                MX_GPIO_Init
 .text.main     0x0000000008003444      0x2cc ./Core/Src/main.o
                0x0000000008003444                main
 .text._Z18SystemClock_Configv
                0x0000000008003710       0xcc ./Core/Src/main.o
                0x0000000008003710                SystemClock_Config()
 .text._ZL12MX_NVIC_Initv
                0x00000000080037dc       0x28 ./Core/Src/main.o
 .text.HAL_GPIO_EXTI_Callback
                0x0000000008003804       0x40 ./Core/Src/main.o
                0x0000000008003804                HAL_GPIO_EXTI_Callback
 .text._Z10stop_sonarv
                0x0000000008003844       0x18 ./Core/Src/main.o
                0x0000000008003844                stop_sonar()
 .text.HAL_TIM_PeriodElapsedCallback
                0x000000000800385c       0x38 ./Core/Src/main.o
                0x000000000800385c                HAL_TIM_PeriodElapsedCallback
 *fill*         0x0000000008003894        0x4 
 .text.HAL_TIM_IC_CaptureCallback
                0x0000000008003898      0x16c ./Core/Src/main.o
                0x0000000008003898                HAL_TIM_IC_CaptureCallback
 .text.HAL_ADC_LevelOutOfWindowCallback
                0x0000000008003a04       0x20 ./Core/Src/main.o
                0x0000000008003a04                HAL_ADC_LevelOutOfWindowCallback
 .text.Error_Handler
                0x0000000008003a24        0xc ./Core/Src/main.o
                0x0000000008003a24                Error_Handler
 .text._ZN5SonarC2Ev
                0x0000000008003a30       0x40 ./Core/Src/sonar.o
                0x0000000008003a30                Sonar::Sonar()
                0x0000000008003a30                Sonar::Sonar()
 .text._ZN5Sonar7lookDirEi
                0x0000000008003a70       0xb0 ./Core/Src/sonar.o
                0x0000000008003a70                Sonar::lookDir(int)
 .text._ZN5Sonar8getValueEi
                0x0000000008003b20       0x44 ./Core/Src/sonar.o
                0x0000000008003b20                Sonar::getValue(int)
 .text._ZN5Sonar6updateEv
                0x0000000008003b64       0x38 ./Core/Src/sonar.o
                0x0000000008003b64                Sonar::update()
 .text.HAL_MspInit
                0x0000000008003b9c       0x64 ./Core/Src/stm32f1xx_hal_msp.o
                0x0000000008003b9c                HAL_MspInit
 .text.SysTick_Handler
                0x0000000008003c00        0xc ./Core/Src/stm32f1xx_it.o
                0x0000000008003c00                SysTick_Handler
 .text.ADC1_2_IRQHandler
                0x0000000008003c0c       0x14 ./Core/Src/stm32f1xx_it.o
                0x0000000008003c0c                ADC1_2_IRQHandler
 .text.TIM1_CC_IRQHandler
                0x0000000008003c20       0x14 ./Core/Src/stm32f1xx_it.o
                0x0000000008003c20                TIM1_CC_IRQHandler
 .text.TIM2_IRQHandler
                0x0000000008003c34       0x14 ./Core/Src/stm32f1xx_it.o
                0x0000000008003c34                TIM2_IRQHandler
 .text.EXTI15_10_IRQHandler
                0x0000000008003c48       0x10 ./Core/Src/stm32f1xx_it.o
                0x0000000008003c48                EXTI15_10_IRQHandler
 .text._getpid  0x0000000008003c58        0xe ./Core/Src/syscalls.o
                0x0000000008003c58                _getpid
 .text._kill    0x0000000008003c66       0x20 ./Core/Src/syscalls.o
                0x0000000008003c66                _kill
 .text._exit    0x0000000008003c86       0x14 ./Core/Src/syscalls.o
                0x0000000008003c86                _exit
 *fill*         0x0000000008003c9a        0x2 
 .text._sbrk    0x0000000008003c9c       0x6c ./Core/Src/sysmem.o
                0x0000000008003c9c                _sbrk
 .text.SystemInit
                0x0000000008003d08       0x68 ./Core/Src/system_stm32f1xx.o
                0x0000000008003d08                SystemInit
 .text.MX_TIM1_Init
                0x0000000008003d70      0x1dc ./Core/Src/tim.o
                0x0000000008003d70                MX_TIM1_Init
 .text.MX_TIM2_Init
                0x0000000008003f4c      0x100 ./Core/Src/tim.o
                0x0000000008003f4c                MX_TIM2_Init
 .text.MX_TIM3_Init
                0x000000000800404c       0xa8 ./Core/Src/tim.o
                0x000000000800404c                MX_TIM3_Init
 .text.MX_TIM4_Init
                0x00000000080040f4       0xa8 ./Core/Src/tim.o
                0x00000000080040f4                MX_TIM4_Init
 .text.HAL_TIM_Base_MspInit
                0x000000000800419c       0xc4 ./Core/Src/tim.o
                0x000000000800419c                HAL_TIM_Base_MspInit
 .text.HAL_TIM_Encoder_MspInit
                0x0000000008004260       0xfc ./Core/Src/tim.o
                0x0000000008004260                HAL_TIM_Encoder_MspInit
 .text.HAL_TIM_MspPostInit
                0x000000000800435c      0x104 ./Core/Src/tim.o
                0x000000000800435c                HAL_TIM_MspPostInit
 .text.Reset_Handler
                0x0000000008004460       0x48 ./Core/Startup/startup_stm32f103rbtx.o
                0x0000000008004460                Reset_Handler
 .text.Default_Handler
                0x00000000080044a8        0x2 ./Core/Startup/startup_stm32f103rbtx.o
                0x00000000080044a8                RTC_Alarm_IRQHandler
                0x00000000080044a8                EXTI2_IRQHandler
                0x00000000080044a8                DebugMon_Handler
                0x00000000080044a8                HardFault_Handler
                0x00000000080044a8                PVD_IRQHandler
                0x00000000080044a8                PendSV_Handler
                0x00000000080044a8                NMI_Handler
                0x00000000080044a8                EXTI3_IRQHandler
                0x00000000080044a8                EXTI0_IRQHandler
                0x00000000080044a8                I2C2_EV_IRQHandler
                0x00000000080044a8                UsageFault_Handler
                0x00000000080044a8                SPI1_IRQHandler
                0x00000000080044a8                TAMPER_IRQHandler
                0x00000000080044a8                DMA1_Channel4_IRQHandler
                0x00000000080044a8                USART3_IRQHandler
                0x00000000080044a8                RTC_IRQHandler
                0x00000000080044a8                DMA1_Channel7_IRQHandler
                0x00000000080044a8                CAN1_RX1_IRQHandler
                0x00000000080044a8                TIM4_IRQHandler
                0x00000000080044a8                I2C1_EV_IRQHandler
                0x00000000080044a8                DMA1_Channel6_IRQHandler
                0x00000000080044a8                TIM3_IRQHandler
                0x00000000080044a8                RCC_IRQHandler
                0x00000000080044a8                TIM1_TRG_COM_IRQHandler
                0x00000000080044a8                DMA1_Channel1_IRQHandler
                0x00000000080044a8                Default_Handler
                0x00000000080044a8                EXTI9_5_IRQHandler
                0x00000000080044a8                SPI2_IRQHandler
                0x00000000080044a8                MemManage_Handler
                0x00000000080044a8                SVC_Handler
                0x00000000080044a8                DMA1_Channel5_IRQHandler
                0x00000000080044a8                EXTI4_IRQHandler
                0x00000000080044a8                USB_LP_CAN1_RX0_IRQHandler
                0x00000000080044a8                USB_HP_CAN1_TX_IRQHandler
                0x00000000080044a8                DMA1_Channel3_IRQHandler
                0x00000000080044a8                TIM1_UP_IRQHandler
                0x00000000080044a8                WWDG_IRQHandler
                0x00000000080044a8                TIM1_BRK_IRQHandler
                0x00000000080044a8                EXTI1_IRQHandler
                0x00000000080044a8                USART2_IRQHandler
                0x00000000080044a8                I2C2_ER_IRQHandler
                0x00000000080044a8                DMA1_Channel2_IRQHandler
                0x00000000080044a8                CAN1_SCE_IRQHandler
                0x00000000080044a8                FLASH_IRQHandler
                0x00000000080044a8                BusFault_Handler
                0x00000000080044a8                USART1_IRQHandler
                0x00000000080044a8                I2C1_ER_IRQHandler
                0x00000000080044a8                USBWakeUp_IRQHandler
 *fill*         0x00000000080044aa        0x2 
 .text.HAL_Init
                0x00000000080044ac       0x2c ./Drivers/STM32F1xx_HAL_Driver/Src/stm32f1xx_hal.o
                0x00000000080044ac                HAL_Init
 .text.HAL_InitTick
                0x00000000080044d8       0x60 ./Drivers/STM32F1xx_HAL_Driver/Src/stm32f1xx_hal.o
                0x00000000080044d8                HAL_InitTick
 .text.HAL_IncTick
                0x0000000008004538       0x24 ./Drivers/STM32F1xx_HAL_Driver/Src/stm32f1xx_hal.o
                0x0000000008004538                HAL_IncTick
 .text.HAL_GetTick
                0x000000000800455c       0x14 ./Drivers/STM32F1xx_HAL_Driver/Src/stm32f1xx_hal.o
                0x000000000800455c                HAL_GetTick
 .text.HAL_SuspendTick
                0x0000000008004570       0x1c ./Drivers/STM32F1xx_HAL_Driver/Src/stm32f1xx_hal.o
                0x0000000008004570                HAL_SuspendTick
 .text.HAL_ADC_Init
                0x000000000800458c      0x1b0 ./Drivers/STM32F1xx_HAL_Driver/Src/stm32f1xx_hal_adc.o
                0x000000000800458c                HAL_ADC_Init
 .text.HAL_ADC_Start_IT
                0x000000000800473c      0x16c ./Drivers/STM32F1xx_HAL_Driver/Src/stm32f1xx_hal_adc.o
                0x000000000800473c                HAL_ADC_Start_IT
 .text.HAL_ADC_IRQHandler
                0x00000000080048a8      0x186 ./Drivers/STM32F1xx_HAL_Driver/Src/stm32f1xx_hal_adc.o
                0x00000000080048a8                HAL_ADC_IRQHandler
 .text.HAL_ADC_ConvCpltCallback
                0x0000000008004a2e       0x12 ./Drivers/STM32F1xx_HAL_Driver/Src/stm32f1xx_hal_adc.o
                0x0000000008004a2e                HAL_ADC_ConvCpltCallback
 .text.HAL_ADC_ConfigChannel
                0x0000000008004a40      0x1f0 ./Drivers/STM32F1xx_HAL_Driver/Src/stm32f1xx_hal_adc.o
                0x0000000008004a40                HAL_ADC_ConfigChannel
 .text.HAL_ADC_AnalogWDGConfig
                0x0000000008004c30       0xac ./Drivers/STM32F1xx_HAL_Driver/Src/stm32f1xx_hal_adc.o
                0x0000000008004c30                HAL_ADC_AnalogWDGConfig
 .text.ADC_Enable
                0x0000000008004cdc       0xb4 ./Drivers/STM32F1xx_HAL_Driver/Src/stm32f1xx_hal_adc.o
                0x0000000008004cdc                ADC_Enable
 .text.ADC_ConversionStop_Disable
                0x0000000008004d90       0x82 ./Drivers/STM32F1xx_HAL_Driver/Src/stm32f1xx_hal_adc.o
                0x0000000008004d90                ADC_ConversionStop_Disable
 .text.HAL_ADCEx_InjectedConvCpltCallback
                0x0000000008004e12       0x12 ./Drivers/STM32F1xx_HAL_Driver/Src/stm32f1xx_hal_adc_ex.o
                0x0000000008004e12                HAL_ADCEx_InjectedConvCpltCallback
 .text.__NVIC_SetPriorityGrouping
                0x0000000008004e24       0x48 ./Drivers/STM32F1xx_HAL_Driver/Src/stm32f1xx_hal_cortex.o
 .text.__NVIC_GetPriorityGrouping
                0x0000000008004e6c       0x1c ./Drivers/STM32F1xx_HAL_Driver/Src/stm32f1xx_hal_cortex.o
 .text.__NVIC_EnableIRQ
                0x0000000008004e88       0x38 ./Drivers/STM32F1xx_HAL_Driver/Src/stm32f1xx_hal_cortex.o
 .text.__NVIC_SetPriority
                0x0000000008004ec0       0x54 ./Drivers/STM32F1xx_HAL_Driver/Src/stm32f1xx_hal_cortex.o
 .text.NVIC_EncodePriority
                0x0000000008004f14       0x64 ./Drivers/STM32F1xx_HAL_Driver/Src/stm32f1xx_hal_cortex.o
 .text.SysTick_Config
                0x0000000008004f78       0x44 ./Drivers/STM32F1xx_HAL_Driver/Src/stm32f1xx_hal_cortex.o
 .text.HAL_NVIC_SetPriorityGrouping
                0x0000000008004fbc       0x16 ./Drivers/STM32F1xx_HAL_Driver/Src/stm32f1xx_hal_cortex.o
                0x0000000008004fbc                HAL_NVIC_SetPriorityGrouping
 .text.HAL_NVIC_SetPriority
                0x0000000008004fd2       0x38 ./Drivers/STM32F1xx_HAL_Driver/Src/stm32f1xx_hal_cortex.o
                0x0000000008004fd2                HAL_NVIC_SetPriority
 .text.HAL_NVIC_EnableIRQ
                0x000000000800500a       0x1c ./Drivers/STM32F1xx_HAL_Driver/Src/stm32f1xx_hal_cortex.o
                0x000000000800500a                HAL_NVIC_EnableIRQ
 .text.HAL_SYSTICK_Config
                0x0000000008005026       0x18 ./Drivers/STM32F1xx_HAL_Driver/Src/stm32f1xx_hal_cortex.o
                0x0000000008005026                HAL_SYSTICK_Config
 *fill*         0x000000000800503e        0x2 
 .text.HAL_GPIO_Init
                0x0000000008005040      0x308 ./Drivers/STM32F1xx_HAL_Driver/Src/stm32f1xx_hal_gpio.o
                0x0000000008005040                HAL_GPIO_Init
 .text.HAL_GPIO_WritePin
                0x0000000008005348       0x30 ./Drivers/STM32F1xx_HAL_Driver/Src/stm32f1xx_hal_gpio.o
                0x0000000008005348                HAL_GPIO_WritePin
 .text.HAL_GPIO_EXTI_IRQHandler
                0x0000000008005378       0x30 ./Drivers/STM32F1xx_HAL_Driver/Src/stm32f1xx_hal_gpio.o
                0x0000000008005378                HAL_GPIO_EXTI_IRQHandler
 .text.HAL_RCC_OscConfig
                0x00000000080053a8      0x504 ./Drivers/STM32F1xx_HAL_Driver/Src/stm32f1xx_hal_rcc.o
                0x00000000080053a8                HAL_RCC_OscConfig
 .text.HAL_RCC_ClockConfig
                0x00000000080058ac      0x1d4 ./Drivers/STM32F1xx_HAL_Driver/Src/stm32f1xx_hal_rcc.o
                0x00000000080058ac                HAL_RCC_ClockConfig
 .text.HAL_RCC_GetSysClockFreq
                0x0000000008005a80       0xbc ./Drivers/STM32F1xx_HAL_Driver/Src/stm32f1xx_hal_rcc.o
                0x0000000008005a80                HAL_RCC_GetSysClockFreq
 .text.RCC_Delay
                0x0000000008005b3c       0x3c ./Drivers/STM32F1xx_HAL_Driver/Src/stm32f1xx_hal_rcc.o
 .text.HAL_RCCEx_PeriphCLKConfig
                0x0000000008005b78      0x16c ./Drivers/STM32F1xx_HAL_Driver/Src/stm32f1xx_hal_rcc_ex.o
                0x0000000008005b78                HAL_RCCEx_PeriphCLKConfig
 .text.HAL_TIM_Base_Init
                0x0000000008005ce4       0x9e ./Drivers/STM32F1xx_HAL_Driver/Src/stm32f1xx_hal_tim.o
                0x0000000008005ce4                HAL_TIM_Base_Init
 *fill*         0x0000000008005d82        0x2 
 .text.HAL_TIM_Base_Start
                0x0000000008005d84       0x94 ./Drivers/STM32F1xx_HAL_Driver/Src/stm32f1xx_hal_tim.o
                0x0000000008005d84                HAL_TIM_Base_Start
 .text.HAL_TIM_Base_Start_IT
                0x0000000008005e18       0xa4 ./Drivers/STM32F1xx_HAL_Driver/Src/stm32f1xx_hal_tim.o
                0x0000000008005e18                HAL_TIM_Base_Start_IT
 .text.HAL_TIM_PWM_Init
                0x0000000008005ebc       0x9e ./Drivers/STM32F1xx_HAL_Driver/Src/stm32f1xx_hal_tim.o
                0x0000000008005ebc                HAL_TIM_PWM_Init
 .text.HAL_TIM_PWM_MspInit
                0x0000000008005f5a       0x12 ./Drivers/STM32F1xx_HAL_Driver/Src/stm32f1xx_hal_tim.o
                0x0000000008005f5a                HAL_TIM_PWM_MspInit
 .text.HAL_TIM_PWM_Start
                0x0000000008005f6c      0x144 ./Drivers/STM32F1xx_HAL_Driver/Src/stm32f1xx_hal_tim.o
                0x0000000008005f6c                HAL_TIM_PWM_Start
 .text.HAL_TIM_IC_Init
                0x00000000080060b0       0x9e ./Drivers/STM32F1xx_HAL_Driver/Src/stm32f1xx_hal_tim.o
                0x00000000080060b0                HAL_TIM_IC_Init
 .text.HAL_TIM_IC_MspInit
                0x000000000800614e       0x12 ./Drivers/STM32F1xx_HAL_Driver/Src/stm32f1xx_hal_tim.o
                0x000000000800614e                HAL_TIM_IC_MspInit
 .text.HAL_TIM_IC_Start_IT
                0x0000000008006160      0x20c ./Drivers/STM32F1xx_HAL_Driver/Src/stm32f1xx_hal_tim.o
                0x0000000008006160                HAL_TIM_IC_Start_IT
 .text.HAL_TIM_Encoder_Init
                0x000000000800636c      0x144 ./Drivers/STM32F1xx_HAL_Driver/Src/stm32f1xx_hal_tim.o
                0x000000000800636c                HAL_TIM_Encoder_Init
 .text.HAL_TIM_Encoder_Start
                0x00000000080064b0      0x11c ./Drivers/STM32F1xx_HAL_Driver/Src/stm32f1xx_hal_tim.o
                0x00000000080064b0                HAL_TIM_Encoder_Start
 .text.HAL_TIM_IRQHandler
                0x00000000080065cc      0x210 ./Drivers/STM32F1xx_HAL_Driver/Src/stm32f1xx_hal_tim.o
                0x00000000080065cc                HAL_TIM_IRQHandler
 .text.HAL_TIM_IC_ConfigChannel
                0x00000000080067dc      0x128 ./Drivers/STM32F1xx_HAL_Driver/Src/stm32f1xx_hal_tim.o
                0x00000000080067dc                HAL_TIM_IC_ConfigChannel
 .text.HAL_TIM_PWM_ConfigChannel
                0x0000000008006904      0x17c ./Drivers/STM32F1xx_HAL_Driver/Src/stm32f1xx_hal_tim.o
                0x0000000008006904                HAL_TIM_PWM_ConfigChannel
 .text.HAL_TIM_ConfigClockSource
                0x0000000008006a80      0x188 ./Drivers/STM32F1xx_HAL_Driver/Src/stm32f1xx_hal_tim.o
                0x0000000008006a80                HAL_TIM_ConfigClockSource
 .text.HAL_TIM_SlaveConfigSynchro
                0x0000000008006c08       0x84 ./Drivers/STM32F1xx_HAL_Driver/Src/stm32f1xx_hal_tim.o
                0x0000000008006c08                HAL_TIM_SlaveConfigSynchro
 .text.HAL_TIM_ReadCapturedValue
                0x0000000008006c8c       0x88 ./Drivers/STM32F1xx_HAL_Driver/Src/stm32f1xx_hal_tim.o
                0x0000000008006c8c                HAL_TIM_ReadCapturedValue
 .text.HAL_TIM_OC_DelayElapsedCallback
                0x0000000008006d14       0x12 ./Drivers/STM32F1xx_HAL_Driver/Src/stm32f1xx_hal_tim.o
                0x0000000008006d14                HAL_TIM_OC_DelayElapsedCallback
 .text.HAL_TIM_PWM_PulseFinishedCallback
                0x0000000008006d26       0x12 ./Drivers/STM32F1xx_HAL_Driver/Src/stm32f1xx_hal_tim.o
                0x0000000008006d26                HAL_TIM_PWM_PulseFinishedCallback
 .text.HAL_TIM_TriggerCallback
                0x0000000008006d38       0x12 ./Drivers/STM32F1xx_HAL_Driver/Src/stm32f1xx_hal_tim.o
                0x0000000008006d38                HAL_TIM_TriggerCallback
 *fill*         0x0000000008006d4a        0x2 
 .text.TIM_Base_SetConfig
                0x0000000008006d4c       0xc4 ./Drivers/STM32F1xx_HAL_Driver/Src/stm32f1xx_hal_tim.o
                0x0000000008006d4c                TIM_Base_SetConfig
 .text.TIM_OC1_SetConfig
                0x0000000008006e10       0xcc ./Drivers/STM32F1xx_HAL_Driver/Src/stm32f1xx_hal_tim.o
 .text.TIM_OC2_SetConfig
                0x0000000008006edc       0xd4 ./Drivers/STM32F1xx_HAL_Driver/Src/stm32f1xx_hal_tim.o
                0x0000000008006edc                TIM_OC2_SetConfig
 .text.TIM_OC3_SetConfig
                0x0000000008006fb0       0xd4 ./Drivers/STM32F1xx_HAL_Driver/Src/stm32f1xx_hal_tim.o
 .text.TIM_OC4_SetConfig
                0x0000000008007084       0x9c ./Drivers/STM32F1xx_HAL_Driver/Src/stm32f1xx_hal_tim.o
 .text.TIM_SlaveTimer_SetConfig
                0x0000000008007120      0x11c ./Drivers/STM32F1xx_HAL_Driver/Src/stm32f1xx_hal_tim.o
 .text.TIM_TI1_SetConfig
                0x000000000800723c       0xb4 ./Drivers/STM32F1xx_HAL_Driver/Src/stm32f1xx_hal_tim.o
                0x000000000800723c                TIM_TI1_SetConfig
 .text.TIM_TI1_ConfigInputStage
                0x00000000080072f0       0x5c ./Drivers/STM32F1xx_HAL_Driver/Src/stm32f1xx_hal_tim.o
 .text.TIM_TI2_SetConfig
                0x000000000800734c       0x78 ./Drivers/STM32F1xx_HAL_Driver/Src/stm32f1xx_hal_tim.o
 .text.TIM_TI2_ConfigInputStage
                0x00000000080073c4       0x5e ./Drivers/STM32F1xx_HAL_Driver/Src/stm32f1xx_hal_tim.o
 .text.TIM_TI3_SetConfig
                0x0000000008007422       0x76 ./Drivers/STM32F1xx_HAL_Driver/Src/stm32f1xx_hal_tim.o
 .text.TIM_TI4_SetConfig
                0x0000000008007498       0x78 ./Drivers/STM32F1xx_HAL_Driver/Src/stm32f1xx_hal_tim.o
 .text.TIM_ITRx_SetConfig
                0x0000000008007510       0x34 ./Drivers/STM32F1xx_HAL_Driver/Src/stm32f1xx_hal_tim.o
 .text.TIM_ETR_SetConfig
                0x0000000008007544       0x3e ./Drivers/STM32F1xx_HAL_Driver/Src/stm32f1xx_hal_tim.o
                0x0000000008007544                TIM_ETR_SetConfig
 .text.TIM_CCxChannelCmd
                0x0000000008007582       0x48 ./Drivers/STM32F1xx_HAL_Driver/Src/stm32f1xx_hal_tim.o
                0x0000000008007582                TIM_CCxChannelCmd
 *fill*         0x00000000080075ca        0x2 
 .text.HAL_TIMEx_MasterConfigSynchronization
                0x00000000080075cc       0xbc ./Drivers/STM32F1xx_HAL_Driver/Src/stm32f1xx_hal_tim_ex.o
                0x00000000080075cc                HAL_TIMEx_MasterConfigSynchronization
 .text.HAL_TIMEx_ConfigBreakDeadTime
                0x0000000008007688       0xa2 ./Drivers/STM32F1xx_HAL_Driver/Src/stm32f1xx_hal_tim_ex.o
                0x0000000008007688                HAL_TIMEx_ConfigBreakDeadTime
 .text.HAL_TIMEx_CommutCallback
                0x000000000800772a       0x12 ./Drivers/STM32F1xx_HAL_Driver/Src/stm32f1xx_hal_tim_ex.o
                0x000000000800772a                HAL_TIMEx_CommutCallback
 .text.HAL_TIMEx_BreakCallback
                0x000000000800773c       0x12 ./Drivers/STM32F1xx_HAL_Driver/Src/stm32f1xx_hal_tim_ex.o
                0x000000000800773c                HAL_TIMEx_BreakCallback
 .text._Znwj    0x000000000800774e       0x22 c:/st/stm32cubeide_1.10.1/stm32cubeide/plugins/com.st.stm32cube.ide.mcu.externaltools.gnu-tools-for-stm32.10.3-2021.10.win32_1.0.0.202111181127/tools/bin/../lib/gcc/arm-none-eabi/10.3.1/../../../../arm-none-eabi/lib/thumb/v7-m/nofp\libstdc++_nano.a(new_op.o)
                0x000000000800774e                operator new(unsigned int)
 .text._ZSt15get_new_handlerv
                0x0000000008007770       0x10 c:/st/stm32cubeide_1.10.1/stm32cubeide/plugins/com.st.stm32cube.ide.mcu.externaltools.gnu-tools-for-stm32.10.3-2021.10.win32_1.0.0.202111181127/tools/bin/../lib/gcc/arm-none-eabi/10.3.1/../../../../arm-none-eabi/lib/thumb/v7-m/nofp\libstdc++_nano.a(new_handler.o)
                0x0000000008007770                std::get_new_handler()
 .text.cos      0x0000000008007780       0x8c c:/st/stm32cubeide_1.10.1/stm32cubeide/plugins/com.st.stm32cube.ide.mcu.externaltools.gnu-tools-for-stm32.10.3-2021.10.win32_1.0.0.202111181127/tools/bin/../lib/gcc/arm-none-eabi/10.3.1/../../../../arm-none-eabi/lib/thumb/v7-m/nofp\libm.a(lib_a-s_cos.o)
                0x0000000008007780                cos
 .text.fmin     0x000000000800780c       0x32 c:/st/stm32cubeide_1.10.1/stm32cubeide/plugins/com.st.stm32cube.ide.mcu.externaltools.gnu-tools-for-stm32.10.3-2021.10.win32_1.0.0.202111181127/tools/bin/../lib/gcc/arm-none-eabi/10.3.1/../../../../arm-none-eabi/lib/thumb/v7-m/nofp\libm.a(lib_a-s_fmin.o)
                0x000000000800780c                fmin
 *fill*         0x000000000800783e        0x2 
 .text.__fpclassifyd
                0x0000000008007840       0x50 c:/st/stm32cubeide_1.10.1/stm32cubeide/plugins/com.st.stm32cube.ide.mcu.externaltools.gnu-tools-for-stm32.10.3-2021.10.win32_1.0.0.202111181127/tools/bin/../lib/gcc/arm-none-eabi/10.3.1/../../../../arm-none-eabi/lib/thumb/v7-m/nofp\libm.a(lib_a-s_fpclassify.o)
                0x0000000008007840                __fpclassifyd
 .text.sin      0x0000000008007890       0x8c c:/st/stm32cubeide_1.10.1/stm32cubeide/plugins/com.st.stm32cube.ide.mcu.externaltools.gnu-tools-for-stm32.10.3-2021.10.win32_1.0.0.202111181127/tools/bin/../lib/gcc/arm-none-eabi/10.3.1/../../../../arm-none-eabi/lib/thumb/v7-m/nofp\libm.a(lib_a-s_sin.o)
                0x0000000008007890                sin
 .text.fmaxf    0x000000000800791c       0x24 c:/st/stm32cubeide_1.10.1/stm32cubeide/plugins/com.st.stm32cube.ide.mcu.externaltools.gnu-tools-for-stm32.10.3-2021.10.win32_1.0.0.202111181127/tools/bin/../lib/gcc/arm-none-eabi/10.3.1/../../../../arm-none-eabi/lib/thumb/v7-m/nofp\libm.a(lib_a-sf_fmax.o)
                0x000000000800791c                fmaxf
 .text.fminf    0x0000000008007940       0x24 c:/st/stm32cubeide_1.10.1/stm32cubeide/plugins/com.st.stm32cube.ide.mcu.externaltools.gnu-tools-for-stm32.10.3-2021.10.win32_1.0.0.202111181127/tools/bin/../lib/gcc/arm-none-eabi/10.3.1/../../../../arm-none-eabi/lib/thumb/v7-m/nofp\libm.a(lib_a-sf_fmin.o)
                0x0000000008007940                fminf
 .text.__fpclassifyf
                0x0000000008007964       0x34 c:/st/stm32cubeide_1.10.1/stm32cubeide/plugins/com.st.stm32cube.ide.mcu.externaltools.gnu-tools-for-stm32.10.3-2021.10.win32_1.0.0.202111181127/tools/bin/../lib/gcc/arm-none-eabi/10.3.1/../../../../arm-none-eabi/lib/thumb/v7-m/nofp\libm.a(lib_a-sf_fpclassify.o)
                0x0000000008007964                __fpclassifyf
 .text.atan2    0x0000000008007998        0x4 c:/st/stm32cubeide_1.10.1/stm32cubeide/plugins/com.st.stm32cube.ide.mcu.externaltools.gnu-tools-for-stm32.10.3-2021.10.win32_1.0.0.202111181127/tools/bin/../lib/gcc/arm-none-eabi/10.3.1/../../../../arm-none-eabi/lib/thumb/v7-m/nofp\libm.a(lib_a-w_atan2.o)
                0x0000000008007998                atan2
 .text.pow      0x000000000800799c       0xd0 c:/st/stm32cubeide_1.10.1/stm32cubeide/plugins/com.st.stm32cube.ide.mcu.externaltools.gnu-tools-for-stm32.10.3-2021.10.win32_1.0.0.202111181127/tools/bin/../lib/gcc/arm-none-eabi/10.3.1/../../../../arm-none-eabi/lib/thumb/v7-m/nofp\libm.a(lib_a-w_pow.o)
                0x000000000800799c                pow
 .text.sqrt     0x0000000008007a6c       0x48 c:/st/stm32cubeide_1.10.1/stm32cubeide/plugins/com.st.stm32cube.ide.mcu.externaltools.gnu-tools-for-stm32.10.3-2021.10.win32_1.0.0.202111181127/tools/bin/../lib/gcc/arm-none-eabi/10.3.1/../../../../arm-none-eabi/lib/thumb/v7-m/nofp\libm.a(lib_a-w_sqrt.o)
                0x0000000008007a6c                sqrt
 *fill*         0x0000000008007ab4        0x4 
 .text.__ieee754_atan2
                0x0000000008007ab8      0x1a4 c:/st/stm32cubeide_1.10.1/stm32cubeide/plugins/com.st.stm32cube.ide.mcu.externaltools.gnu-tools-for-stm32.10.3-2021.10.win32_1.0.0.202111181127/tools/bin/../lib/gcc/arm-none-eabi/10.3.1/../../../../arm-none-eabi/lib/thumb/v7-m/nofp\libm.a(lib_a-e_atan2.o)
                0x0000000008007ab8                __ieee754_atan2
 *fill*         0x0000000008007c5c        0x4 
 .text.__ieee754_pow
                0x0000000008007c60      0xa2c c:/st/stm32cubeide_1.10.1/stm32cubeide/plugins/com.st.stm32cube.ide.mcu.externaltools.gnu-tools-for-stm32.10.3-2021.10.win32_1.0.0.202111181127/tools/bin/../lib/gcc/arm-none-eabi/10.3.1/../../../../arm-none-eabi/lib/thumb/v7-m/nofp\libm.a(lib_a-e_pow.o)
                0x0000000008007c60                __ieee754_pow
 *fill*         0x000000000800868c        0x4 
 .text.__ieee754_rem_pio2
                0x0000000008008690      0x3f0 c:/st/stm32cubeide_1.10.1/stm32cubeide/plugins/com.st.stm32cube.ide.mcu.externaltools.gnu-tools-for-stm32.10.3-2021.10.win32_1.0.0.202111181127/tools/bin/../lib/gcc/arm-none-eabi/10.3.1/../../../../arm-none-eabi/lib/thumb/v7-m/nofp\libm.a(lib_a-e_rem_pio2.o)
                0x0000000008008690                __ieee754_rem_pio2
 .text.__ieee754_sqrt
                0x0000000008008a80      0x160 c:/st/stm32cubeide_1.10.1/stm32cubeide/plugins/com.st.stm32cube.ide.mcu.externaltools.gnu-tools-for-stm32.10.3-2021.10.win32_1.0.0.202111181127/tools/bin/../lib/gcc/arm-none-eabi/10.3.1/../../../../arm-none-eabi/lib/thumb/v7-m/nofp\libm.a(lib_a-e_sqrt.o)
                0x0000000008008a80                __ieee754_sqrt
 .text.__kernel_cos
                0x0000000008008be0      0x17c c:/st/stm32cubeide_1.10.1/stm32cubeide/plugins/com.st.stm32cube.ide.mcu.externaltools.gnu-tools-for-stm32.10.3-2021.10.win32_1.0.0.202111181127/tools/bin/../lib/gcc/arm-none-eabi/10.3.1/../../../../arm-none-eabi/lib/thumb/v7-m/nofp\libm.a(lib_a-k_cos.o)
                0x0000000008008be0                __kernel_cos
 .text.__kernel_rem_pio2
                0x0000000008008d5c      0x684 c:/st/stm32cubeide_1.10.1/stm32cubeide/plugins/com.st.stm32cube.ide.mcu.externaltools.gnu-tools-for-stm32.10.3-2021.10.win32_1.0.0.202111181127/tools/bin/../lib/gcc/arm-none-eabi/10.3.1/../../../../arm-none-eabi/lib/thumb/v7-m/nofp\libm.a(lib_a-k_rem_pio2.o)
                0x0000000008008d5c                __kernel_rem_pio2
 .text.__kernel_sin
                0x00000000080093e0      0x16c c:/st/stm32cubeide_1.10.1/stm32cubeide/plugins/com.st.stm32cube.ide.mcu.externaltools.gnu-tools-for-stm32.10.3-2021.10.win32_1.0.0.202111181127/tools/bin/../lib/gcc/arm-none-eabi/10.3.1/../../../../arm-none-eabi/lib/thumb/v7-m/nofp\libm.a(lib_a-k_sin.o)
                0x00000000080093e0                __kernel_sin
 .text.with_errno
                0x000000000800954c       0x14 c:/st/stm32cubeide_1.10.1/stm32cubeide/plugins/com.st.stm32cube.ide.mcu.externaltools.gnu-tools-for-stm32.10.3-2021.10.win32_1.0.0.202111181127/tools/bin/../lib/gcc/arm-none-eabi/10.3.1/../../../../arm-none-eabi/lib/thumb/v7-m/nofp\libm.a(lib_a-math_err.o)
 .text.xflow    0x0000000008009560       0x30 c:/st/stm32cubeide_1.10.1/stm32cubeide/plugins/com.st.stm32cube.ide.mcu.externaltools.gnu-tools-for-stm32.10.3-2021.10.win32_1.0.0.202111181127/tools/bin/../lib/gcc/arm-none-eabi/10.3.1/../../../../arm-none-eabi/lib/thumb/v7-m/nofp\libm.a(lib_a-math_err.o)
 .text.__math_uflow
                0x0000000008009590        0xa c:/st/stm32cubeide_1.10.1/stm32cubeide/plugins/com.st.stm32cube.ide.mcu.externaltools.gnu-tools-for-stm32.10.3-2021.10.win32_1.0.0.202111181127/tools/bin/../lib/gcc/arm-none-eabi/10.3.1/../../../../arm-none-eabi/lib/thumb/v7-m/nofp\libm.a(lib_a-math_err.o)
                0x0000000008009590                __math_uflow
 .text.__math_oflow
                0x000000000800959a        0xa c:/st/stm32cubeide_1.10.1/stm32cubeide/plugins/com.st.stm32cube.ide.mcu.externaltools.gnu-tools-for-stm32.10.3-2021.10.win32_1.0.0.202111181127/tools/bin/../lib/gcc/arm-none-eabi/10.3.1/../../../../arm-none-eabi/lib/thumb/v7-m/nofp\libm.a(lib_a-math_err.o)
                0x000000000800959a                __math_oflow
 *fill*         0x00000000080095a4        0x4 
 .text.atan     0x00000000080095a8      0x314 c:/st/stm32cubeide_1.10.1/stm32cubeide/plugins/com.st.stm32cube.ide.mcu.externaltools.gnu-tools-for-stm32.10.3-2021.10.win32_1.0.0.202111181127/tools/bin/../lib/gcc/arm-none-eabi/10.3.1/../../../../arm-none-eabi/lib/thumb/v7-m/nofp\libm.a(lib_a-s_atan.o)
                0x00000000080095a8                atan
 .text.fabs     0x00000000080098bc        0x6 c:/st/stm32cubeide_1.10.1/stm32cubeide/plugins/com.st.stm32cube.ide.mcu.externaltools.gnu-tools-for-stm32.10.3-2021.10.win32_1.0.0.202111181127/tools/bin/../lib/gcc/arm-none-eabi/10.3.1/../../../../arm-none-eabi/lib/thumb/v7-m/nofp\libm.a(lib_a-s_fabs.o)
                0x00000000080098bc                fabs
 .text.finite   0x00000000080098c2        0xc c:/st/stm32cubeide_1.10.1/stm32cubeide/plugins/com.st.stm32cube.ide.mcu.externaltools.gnu-tools-for-stm32.10.3-2021.10.win32_1.0.0.202111181127/tools/bin/../lib/gcc/arm-none-eabi/10.3.1/../../../../arm-none-eabi/lib/thumb/v7-m/nofp\libm.a(lib_a-s_finite.o)
                0x00000000080098c2                finite
 *fill*         0x00000000080098ce        0x2 
 .text.floor    0x00000000080098d0      0x100 c:/st/stm32cubeide_1.10.1/stm32cubeide/plugins/com.st.stm32cube.ide.mcu.externaltools.gnu-tools-for-stm32.10.3-2021.10.win32_1.0.0.202111181127/tools/bin/../lib/gcc/arm-none-eabi/10.3.1/../../../../arm-none-eabi/lib/thumb/v7-m/nofp\libm.a(lib_a-s_floor.o)
                0x00000000080098d0                floor
 .text.scalbn   0x00000000080099d0       0xfc c:/st/stm32cubeide_1.10.1/stm32cubeide/plugins/com.st.stm32cube.ide.mcu.externaltools.gnu-tools-for-stm32.10.3-2021.10.win32_1.0.0.202111181127/tools/bin/../lib/gcc/arm-none-eabi/10.3.1/../../../../arm-none-eabi/lib/thumb/v7-m/nofp\libm.a(lib_a-s_scalbn.o)
                0x00000000080099d0                scalbn
 .text.abort    0x0000000008009acc        0xe c:/st/stm32cubeide_1.10.1/stm32cubeide/plugins/com.st.stm32cube.ide.mcu.externaltools.gnu-tools-for-stm32.10.3-2021.10.win32_1.0.0.202111181127/tools/bin/../lib/gcc/arm-none-eabi/10.3.1/../../../../arm-none-eabi/lib/thumb/v7-m/nofp\libc_nano.a(lib_a-abort.o)
                0x0000000008009acc                abort
 *fill*         0x0000000008009ada        0x2 
 .text.__errno  0x0000000008009adc        0xc c:/st/stm32cubeide_1.10.1/stm32cubeide/plugins/com.st.stm32cube.ide.mcu.externaltools.gnu-tools-for-stm32.10.3-2021.10.win32_1.0.0.202111181127/tools/bin/../lib/gcc/arm-none-eabi/10.3.1/../../../../arm-none-eabi/lib/thumb/v7-m/nofp\libc_nano.a(lib_a-errno.o)
                0x0000000008009adc                __errno
 .text.__libc_init_array
                0x0000000008009ae8       0x48 c:/st/stm32cubeide_1.10.1/stm32cubeide/plugins/com.st.stm32cube.ide.mcu.externaltools.gnu-tools-for-stm32.10.3-2021.10.win32_1.0.0.202111181127/tools/bin/../lib/gcc/arm-none-eabi/10.3.1/../../../../arm-none-eabi/lib/thumb/v7-m/nofp\libc_nano.a(lib_a-init.o)
                0x0000000008009ae8                __libc_init_array
 .text.malloc   0x0000000008009b30       0x10 c:/st/stm32cubeide_1.10.1/stm32cubeide/plugins/com.st.stm32cube.ide.mcu.externaltools.gnu-tools-for-stm32.10.3-2021.10.win32_1.0.0.202111181127/tools/bin/../lib/gcc/arm-none-eabi/10.3.1/../../../../arm-none-eabi/lib/thumb/v7-m/nofp\libc_nano.a(lib_a-malloc.o)
                0x0000000008009b30                malloc
 .text.memset   0x0000000008009b40       0x10 c:/st/stm32cubeide_1.10.1/stm32cubeide/plugins/com.st.stm32cube.ide.mcu.externaltools.gnu-tools-for-stm32.10.3-2021.10.win32_1.0.0.202111181127/tools/bin/../lib/gcc/arm-none-eabi/10.3.1/../../../../arm-none-eabi/lib/thumb/v7-m/nofp\libc_nano.a(lib_a-memset.o)
                0x0000000008009b40                memset
 .text.sbrk_aligned
                0x0000000008009b50       0x40 c:/st/stm32cubeide_1.10.1/stm32cubeide/plugins/com.st.stm32cube.ide.mcu.externaltools.gnu-tools-for-stm32.10.3-2021.10.win32_1.0.0.202111181127/tools/bin/../lib/gcc/arm-none-eabi/10.3.1/../../../../arm-none-eabi/lib/thumb/v7-m/nofp\libc_nano.a(lib_a-nano-mallocr.o)
 .text._malloc_r
                0x0000000008009b90       0xe8 c:/st/stm32cubeide_1.10.1/stm32cubeide/plugins/com.st.stm32cube.ide.mcu.externaltools.gnu-tools-for-stm32.10.3-2021.10.win32_1.0.0.202111181127/tools/bin/../lib/gcc/arm-none-eabi/10.3.1/../../../../arm-none-eabi/lib/thumb/v7-m/nofp\libc_nano.a(lib_a-nano-mallocr.o)
                0x0000000008009b90                _malloc_r
 .text._sbrk_r  0x0000000008009c78       0x20 c:/st/stm32cubeide_1.10.1/stm32cubeide/plugins/com.st.stm32cube.ide.mcu.externaltools.gnu-tools-for-stm32.10.3-2021.10.win32_1.0.0.202111181127/tools/bin/../lib/gcc/arm-none-eabi/10.3.1/../../../../arm-none-eabi/lib/thumb/v7-m/nofp\libc_nano.a(lib_a-sbrkr.o)
                0x0000000008009c78                _sbrk_r
 .text._raise_r
                0x0000000008009c98       0x50 c:/st/stm32cubeide_1.10.1/stm32cubeide/plugins/com.st.stm32cube.ide.mcu.externaltools.gnu-tools-for-stm32.10.3-2021.10.win32_1.0.0.202111181127/tools/bin/../lib/gcc/arm-none-eabi/10.3.1/../../../../arm-none-eabi/lib/thumb/v7-m/nofp\libc_nano.a(lib_a-signal.o)
                0x0000000008009c98                _raise_r
 .text.raise    0x0000000008009ce8       0x10 c:/st/stm32cubeide_1.10.1/stm32cubeide/plugins/com.st.stm32cube.ide.mcu.externaltools.gnu-tools-for-stm32.10.3-2021.10.win32_1.0.0.202111181127/tools/bin/../lib/gcc/arm-none-eabi/10.3.1/../../../../arm-none-eabi/lib/thumb/v7-m/nofp\libc_nano.a(lib_a-signal.o)
                0x0000000008009ce8                raise
 .text._kill_r  0x0000000008009cf8       0x24 c:/st/stm32cubeide_1.10.1/stm32cubeide/plugins/com.st.stm32cube.ide.mcu.externaltools.gnu-tools-for-stm32.10.3-2021.10.win32_1.0.0.202111181127/tools/bin/../lib/gcc/arm-none-eabi/10.3.1/../../../../arm-none-eabi/lib/thumb/v7-m/nofp\libc_nano.a(lib_a-signalr.o)
                0x0000000008009cf8                _kill_r
 .text._getpid_r
                0x0000000008009d1c        0x4 c:/st/stm32cubeide_1.10.1/stm32cubeide/plugins/com.st.stm32cube.ide.mcu.externaltools.gnu-tools-for-stm32.10.3-2021.10.win32_1.0.0.202111181127/tools/bin/../lib/gcc/arm-none-eabi/10.3.1/../../../../arm-none-eabi/lib/thumb/v7-m/nofp\libc_nano.a(lib_a-signalr.o)
                0x0000000008009d1c                _getpid_r
 .text.__malloc_lock
                0x0000000008009d20        0xc c:/st/stm32cubeide_1.10.1/stm32cubeide/plugins/com.st.stm32cube.ide.mcu.externaltools.gnu-tools-for-stm32.10.3-2021.10.win32_1.0.0.202111181127/tools/bin/../lib/gcc/arm-none-eabi/10.3.1/../../../../arm-none-eabi/lib/thumb/v7-m/nofp\libc_nano.a(lib_a-mlock.o)
                0x0000000008009d20                __malloc_lock
 .text.__malloc_unlock
                0x0000000008009d2c        0xc c:/st/stm32cubeide_1.10.1/stm32cubeide/plugins/com.st.stm32cube.ide.mcu.externaltools.gnu-tools-for-stm32.10.3-2021.10.win32_1.0.0.202111181127/tools/bin/../lib/gcc/arm-none-eabi/10.3.1/../../../../arm-none-eabi/lib/thumb/v7-m/nofp\libc_nano.a(lib_a-mlock.o)
                0x0000000008009d2c                __malloc_unlock
 .text.__retarget_lock_acquire_recursive
                0x0000000008009d38        0x2 c:/st/stm32cubeide_1.10.1/stm32cubeide/plugins/com.st.stm32cube.ide.mcu.externaltools.gnu-tools-for-stm32.10.3-2021.10.win32_1.0.0.202111181127/tools/bin/../lib/gcc/arm-none-eabi/10.3.1/../../../../arm-none-eabi/lib/thumb/v7-m/nofp\libc_nano.a(lib_a-lock.o)
                0x0000000008009d38                __retarget_lock_acquire_recursive
 .text.__retarget_lock_release_recursive
                0x0000000008009d3a        0x2 c:/st/stm32cubeide_1.10.1/stm32cubeide/plugins/com.st.stm32cube.ide.mcu.externaltools.gnu-tools-for-stm32.10.3-2021.10.win32_1.0.0.202111181127/tools/bin/../lib/gcc/arm-none-eabi/10.3.1/../../../../arm-none-eabi/lib/thumb/v7-m/nofp\libc_nano.a(lib_a-lock.o)
                0x0000000008009d3a                __retarget_lock_release_recursive
 *(.glue_7)
 .glue_7        0x0000000008009d3c        0x0 linker stubs
 *(.glue_7t)
 .glue_7t       0x0000000008009d3c        0x0 linker stubs
 *(.eh_frame)
 .eh_frame      0x0000000008009d3c        0x0 c:/st/stm32cubeide_1.10.1/stm32cubeide/plugins/com.st.stm32cube.ide.mcu.externaltools.gnu-tools-for-stm32.10.3-2021.10.win32_1.0.0.202111181127/tools/bin/../lib/gcc/arm-none-eabi/10.3.1/thumb/v7-m/nofp/crtbegin.o
 *(.init)
 .init          0x0000000008009d3c        0x4 c:/st/stm32cubeide_1.10.1/stm32cubeide/plugins/com.st.stm32cube.ide.mcu.externaltools.gnu-tools-for-stm32.10.3-2021.10.win32_1.0.0.202111181127/tools/bin/../lib/gcc/arm-none-eabi/10.3.1/thumb/v7-m/nofp/crti.o
                0x0000000008009d3c                _init
 .init          0x0000000008009d40        0x8 c:/st/stm32cubeide_1.10.1/stm32cubeide/plugins/com.st.stm32cube.ide.mcu.externaltools.gnu-tools-for-stm32.10.3-2021.10.win32_1.0.0.202111181127/tools/bin/../lib/gcc/arm-none-eabi/10.3.1/thumb/v7-m/nofp/crtn.o
 *(.fini)
 .fini          0x0000000008009d48        0x4 c:/st/stm32cubeide_1.10.1/stm32cubeide/plugins/com.st.stm32cube.ide.mcu.externaltools.gnu-tools-for-stm32.10.3-2021.10.win32_1.0.0.202111181127/tools/bin/../lib/gcc/arm-none-eabi/10.3.1/thumb/v7-m/nofp/crti.o
                0x0000000008009d48                _fini
 .fini          0x0000000008009d4c        0x8 c:/st/stm32cubeide_1.10.1/stm32cubeide/plugins/com.st.stm32cube.ide.mcu.externaltools.gnu-tools-for-stm32.10.3-2021.10.win32_1.0.0.202111181127/tools/bin/../lib/gcc/arm-none-eabi/10.3.1/thumb/v7-m/nofp/crtn.o
                0x0000000008009d54                . = ALIGN (0x4)
                0x0000000008009d54                _etext = .

.vfp11_veneer   0x0000000008009d54        0x0
 .vfp11_veneer  0x0000000008009d54        0x0 linker stubs

.v4_bx          0x0000000008009d54        0x0
 .v4_bx         0x0000000008009d54        0x0 linker stubs

.iplt           0x0000000008009d54        0x0
 .iplt          0x0000000008009d54        0x0 c:/st/stm32cubeide_1.10.1/stm32cubeide/plugins/com.st.stm32cube.ide.mcu.externaltools.gnu-tools-for-stm32.10.3-2021.10.win32_1.0.0.202111181127/tools/bin/../lib/gcc/arm-none-eabi/10.3.1/thumb/v7-m/nofp/crtbegin.o

.rodata         0x0000000008009d58      0x298
                0x0000000008009d58                . = ALIGN (0x4)
 *(.rodata)
 .rodata        0x0000000008009d58       0x10 ./Drivers/STM32F1xx_HAL_Driver/Src/stm32f1xx_hal_rcc.o
 *(.rodata*)
 .rodata.AHBPrescTable
                0x0000000008009d68       0x10 ./Core/Src/system_stm32f1xx.o
                0x0000000008009d68                AHBPrescTable
 .rodata.CSWTCH.8
                0x0000000008009d78       0x18 c:/st/stm32cubeide_1.10.1/stm32cubeide/plugins/com.st.stm32cube.ide.mcu.externaltools.gnu-tools-for-stm32.10.3-2021.10.win32_1.0.0.202111181127/tools/bin/../lib/gcc/arm-none-eabi/10.3.1/../../../../arm-none-eabi/lib/thumb/v7-m/nofp\libm.a(lib_a-e_atan2.o)
 .rodata.CSWTCH.9
                0x0000000008009d90       0x18 c:/st/stm32cubeide_1.10.1/stm32cubeide/plugins/com.st.stm32cube.ide.mcu.externaltools.gnu-tools-for-stm32.10.3-2021.10.win32_1.0.0.202111181127/tools/bin/../lib/gcc/arm-none-eabi/10.3.1/../../../../arm-none-eabi/lib/thumb/v7-m/nofp\libm.a(lib_a-e_atan2.o)
 .rodata.bp     0x0000000008009da8       0x10 c:/st/stm32cubeide_1.10.1/stm32cubeide/plugins/com.st.stm32cube.ide.mcu.externaltools.gnu-tools-for-stm32.10.3-2021.10.win32_1.0.0.202111181127/tools/bin/../lib/gcc/arm-none-eabi/10.3.1/../../../../arm-none-eabi/lib/thumb/v7-m/nofp\libm.a(lib_a-e_pow.o)
 .rodata.dp_h   0x0000000008009db8       0x10 c:/st/stm32cubeide_1.10.1/stm32cubeide/plugins/com.st.stm32cube.ide.mcu.externaltools.gnu-tools-for-stm32.10.3-2021.10.win32_1.0.0.202111181127/tools/bin/../lib/gcc/arm-none-eabi/10.3.1/../../../../arm-none-eabi/lib/thumb/v7-m/nofp\libm.a(lib_a-e_pow.o)
 .rodata.dp_l   0x0000000008009dc8       0x10 c:/st/stm32cubeide_1.10.1/stm32cubeide/plugins/com.st.stm32cube.ide.mcu.externaltools.gnu-tools-for-stm32.10.3-2021.10.win32_1.0.0.202111181127/tools/bin/../lib/gcc/arm-none-eabi/10.3.1/../../../../arm-none-eabi/lib/thumb/v7-m/nofp\libm.a(lib_a-e_pow.o)
 .rodata.npio2_hw
                0x0000000008009dd8       0x80 c:/st/stm32cubeide_1.10.1/stm32cubeide/plugins/com.st.stm32cube.ide.mcu.externaltools.gnu-tools-for-stm32.10.3-2021.10.win32_1.0.0.202111181127/tools/bin/../lib/gcc/arm-none-eabi/10.3.1/../../../../arm-none-eabi/lib/thumb/v7-m/nofp\libm.a(lib_a-e_rem_pio2.o)
 .rodata.two_over_pi
                0x0000000008009e58      0x108 c:/st/stm32cubeide_1.10.1/stm32cubeide/plugins/com.st.stm32cube.ide.mcu.externaltools.gnu-tools-for-stm32.10.3-2021.10.win32_1.0.0.202111181127/tools/bin/../lib/gcc/arm-none-eabi/10.3.1/../../../../arm-none-eabi/lib/thumb/v7-m/nofp\libm.a(lib_a-e_rem_pio2.o)
 .rodata.PIo2   0x0000000008009f60       0x40 c:/st/stm32cubeide_1.10.1/stm32cubeide/plugins/com.st.stm32cube.ide.mcu.externaltools.gnu-tools-for-stm32.10.3-2021.10.win32_1.0.0.202111181127/tools/bin/../lib/gcc/arm-none-eabi/10.3.1/../../../../arm-none-eabi/lib/thumb/v7-m/nofp\libm.a(lib_a-k_rem_pio2.o)
 .rodata.init_jk
                0x0000000008009fa0       0x10 c:/st/stm32cubeide_1.10.1/stm32cubeide/plugins/com.st.stm32cube.ide.mcu.externaltools.gnu-tools-for-stm32.10.3-2021.10.win32_1.0.0.202111181127/tools/bin/../lib/gcc/arm-none-eabi/10.3.1/../../../../arm-none-eabi/lib/thumb/v7-m/nofp\libm.a(lib_a-k_rem_pio2.o)
 .rodata.atanhi
                0x0000000008009fb0       0x20 c:/st/stm32cubeide_1.10.1/stm32cubeide/plugins/com.st.stm32cube.ide.mcu.externaltools.gnu-tools-for-stm32.10.3-2021.10.win32_1.0.0.202111181127/tools/bin/../lib/gcc/arm-none-eabi/10.3.1/../../../../arm-none-eabi/lib/thumb/v7-m/nofp\libm.a(lib_a-s_atan.o)
 .rodata.atanlo
                0x0000000008009fd0       0x20 c:/st/stm32cubeide_1.10.1/stm32cubeide/plugins/com.st.stm32cube.ide.mcu.externaltools.gnu-tools-for-stm32.10.3-2021.10.win32_1.0.0.202111181127/tools/bin/../lib/gcc/arm-none-eabi/10.3.1/../../../../arm-none-eabi/lib/thumb/v7-m/nofp\libm.a(lib_a-s_atan.o)
                0x0000000008009ff0                . = ALIGN (0x4)

.rel.dyn        0x0000000008009ff0        0x0
 .rel.iplt      0x0000000008009ff0        0x0 c:/st/stm32cubeide_1.10.1/stm32cubeide/plugins/com.st.stm32cube.ide.mcu.externaltools.gnu-tools-for-stm32.10.3-2021.10.win32_1.0.0.202111181127/tools/bin/../lib/gcc/arm-none-eabi/10.3.1/thumb/v7-m/nofp/crtbegin.o

.ARM.extab      0x0000000008009ff0        0x0
                0x0000000008009ff0                . = ALIGN (0x4)
 *(.ARM.extab* .gnu.linkonce.armextab.*)
                0x0000000008009ff0                . = ALIGN (0x4)

.ARM            0x0000000008009ff0        0x0
                0x0000000008009ff0                . = ALIGN (0x4)
                0x0000000008009ff0                __exidx_start = .
 *(.ARM.exidx*)
                0x0000000008009ff0                __exidx_end = .
                0x0000000008009ff0                . = ALIGN (0x4)

.preinit_array  0x0000000008009ff0        0x0
                0x0000000008009ff0                . = ALIGN (0x4)
                0x0000000008009ff0                PROVIDE (__preinit_array_start = .)
 *(.preinit_array*)
                0x0000000008009ff0                PROVIDE (__preinit_array_end = .)
                0x0000000008009ff0                . = ALIGN (0x4)

.init_array     0x0000000008009ff0        0x4
                0x0000000008009ff0                . = ALIGN (0x4)
                0x0000000008009ff0                PROVIDE (__init_array_start = .)
 *(SORT_BY_NAME(.init_array.*))
 *(.init_array*)
 .init_array    0x0000000008009ff0        0x4 c:/st/stm32cubeide_1.10.1/stm32cubeide/plugins/com.st.stm32cube.ide.mcu.externaltools.gnu-tools-for-stm32.10.3-2021.10.win32_1.0.0.202111181127/tools/bin/../lib/gcc/arm-none-eabi/10.3.1/thumb/v7-m/nofp/crtbegin.o
                0x0000000008009ff4                PROVIDE (__init_array_end = .)
                0x0000000008009ff4                . = ALIGN (0x4)

.fini_array     0x0000000008009ff4        0x4
                0x0000000008009ff4                . = ALIGN (0x4)
                [!provide]                        PROVIDE (__fini_array_start = .)
 *(SORT_BY_NAME(.fini_array.*))
 *(.fini_array*)
 .fini_array    0x0000000008009ff4        0x4 c:/st/stm32cubeide_1.10.1/stm32cubeide/plugins/com.st.stm32cube.ide.mcu.externaltools.gnu-tools-for-stm32.10.3-2021.10.win32_1.0.0.202111181127/tools/bin/../lib/gcc/arm-none-eabi/10.3.1/thumb/v7-m/nofp/crtbegin.o
                [!provide]                        PROVIDE (__fini_array_end = .)
                0x0000000008009ff8                . = ALIGN (0x4)
                0x0000000008009ff8                _sidata = LOADADDR (.data)

.data           0x0000000020000000       0x7c load address 0x0000000008009ff8
                0x0000000020000000                . = ALIGN (0x4)
                0x0000000020000000                _sdata = .
 *(.data)
 *(.data*)
 .data.COEF2D   0x0000000020000000        0x4 ./Core/Src/main.o
                0x0000000020000000                COEF2D
 .data.COEF2G   0x0000000020000004        0x4 ./Core/Src/main.o
                0x0000000020000004                COEF2G
 .data._min_update_period
                0x0000000020000008        0x4 ./Core/Src/main.o
                0x0000000020000008                _min_update_period
 .data.SystemCoreClock
                0x000000002000000c        0x4 ./Core/Src/system_stm32f1xx.o
                0x000000002000000c                SystemCoreClock
 .data.uwTickPrio
                0x0000000020000010        0x4 ./Drivers/STM32F1xx_HAL_Driver/Src/stm32f1xx_hal.o
                0x0000000020000010                uwTickPrio
 .data.uwTickFreq
                0x0000000020000014        0x1 ./Drivers/STM32F1xx_HAL_Driver/Src/stm32f1xx_hal.o
                0x0000000020000014                uwTickFreq
 *fill*         0x0000000020000015        0x3 
 .data._impure_ptr
                0x0000000020000018        0x4 c:/st/stm32cubeide_1.10.1/stm32cubeide/plugins/com.st.stm32cube.ide.mcu.externaltools.gnu-tools-for-stm32.10.3-2021.10.win32_1.0.0.202111181127/tools/bin/../lib/gcc/arm-none-eabi/10.3.1/../../../../arm-none-eabi/lib/thumb/v7-m/nofp\libc_nano.a(lib_a-impure.o)
                0x0000000020000018                _impure_ptr
 .data.impure_data
                0x000000002000001c       0x60 c:/st/stm32cubeide_1.10.1/stm32cubeide/plugins/com.st.stm32cube.ide.mcu.externaltools.gnu-tools-for-stm32.10.3-2021.10.win32_1.0.0.202111181127/tools/bin/../lib/gcc/arm-none-eabi/10.3.1/../../../../arm-none-eabi/lib/thumb/v7-m/nofp\libc_nano.a(lib_a-impure.o)
                0x000000002000007c                . = ALIGN (0x4)
                0x000000002000007c                _edata = .

.igot.plt       0x000000002000007c        0x0 load address 0x000000000800a074
 .igot.plt      0x000000002000007c        0x0 c:/st/stm32cubeide_1.10.1/stm32cubeide/plugins/com.st.stm32cube.ide.mcu.externaltools.gnu-tools-for-stm32.10.3-2021.10.win32_1.0.0.202111181127/tools/bin/../lib/gcc/arm-none-eabi/10.3.1/thumb/v7-m/nofp/crtbegin.o
                0x000000002000007c                . = ALIGN (0x4)

.bss            0x0000000020000080      0x230 load address 0x000000000800a074
                0x0000000020000080                _sbss = .
                0x0000000020000080                __bss_start__ = _sbss
 *(.bss)
 .bss           0x0000000020000080       0x1c c:/st/stm32cubeide_1.10.1/stm32cubeide/plugins/com.st.stm32cube.ide.mcu.externaltools.gnu-tools-for-stm32.10.3-2021.10.win32_1.0.0.202111181127/tools/bin/../lib/gcc/arm-none-eabi/10.3.1/thumb/v7-m/nofp/crtbegin.o
 *(.bss*)
 .bss.hadc1     0x000000002000009c       0x30 ./Core/Src/adc.o
                0x000000002000009c                hadc1
 .bss.Time      0x00000000200000cc        0x4 ./Core/Src/main.o
                0x00000000200000cc                Time
 .bss.TLoop     0x00000000200000d0        0x4 ./Core/Src/main.o
                0x00000000200000d0                TLoop
 .bss.xglob     0x00000000200000d4        0x4 ./Core/Src/main.o
                0x00000000200000d4                xglob
 .bss.yglob     0x00000000200000d8        0x4 ./Core/Src/main.o
                0x00000000200000d8                yglob
 .bss.thetaglob
                0x00000000200000dc        0x4 ./Core/Src/main.o
                0x00000000200000dc                thetaglob
 .bss.targetdistglob
                0x00000000200000e0        0x4 ./Core/Src/main.o
                0x00000000200000e0                targetdistglob
 .bss.targetangleglob
                0x00000000200000e4        0x4 ./Core/Src/main.o
                0x00000000200000e4                targetangleglob
 .bss.distglob  0x00000000200000e8        0x4 ./Core/Src/main.o
                0x00000000200000e8                distglob
 .bss.angleglob
                0x00000000200000ec        0x4 ./Core/Src/main.o
                0x00000000200000ec                angleglob
 .bss.CG        0x00000000200000f0        0x4 ./Core/Src/main.o
                0x00000000200000f0                CG
 .bss.CD        0x00000000200000f4        0x4 ./Core/Src/main.o
                0x00000000200000f4                CD
 .bss.TICKG     0x00000000200000f8        0x4 ./Core/Src/main.o
                0x00000000200000f8                TICKG
 .bss.TICKD     0x00000000200000fc        0x4 ./Core/Src/main.o
                0x00000000200000fc                TICKD
 .bss.CorAngle  0x0000000020000100        0x4 ./Core/Src/main.o
                0x0000000020000100                CorAngle
 .bss.CorDist   0x0000000020000104        0x4 ./Core/Src/main.o
                0x0000000020000104                CorDist
 .bss.sonarmeasure
                0x0000000020000108        0x4 ./Core/Src/main.o
                0x0000000020000108                sonarmeasure
 .bss.CMDE      0x000000002000010c        0x4 ./Core/Src/main.o
                0x000000002000010c                CMDE
 .bss.moteurs   0x0000000020000110        0x4 ./Core/Src/main.o
                0x0000000020000110                moteurs
 .bss.pid       0x0000000020000114        0x4 ./Core/Src/main.o
                0x0000000020000114                pid
 .bss.taches    0x0000000020000118        0x4 ./Core/Src/main.o
                0x0000000020000118                taches
 .bss.defileur  0x000000002000011c        0x4 ./Core/Src/main.o
                0x000000002000011c                defileur
 .bss.sonar     0x0000000020000120        0x4 ./Core/Src/main.o
                0x0000000020000120                sonar
 .bss.odometrie
                0x0000000020000124        0x4 ./Core/Src/main.o
                0x0000000020000124                odometrie
 .bss.theta     0x0000000020000128        0x8 ./Core/Src/main.o
                0x0000000020000128                theta
 .bss.leftsonar
                0x0000000020000130        0x8 ./Core/Src/main.o
                0x0000000020000130                leftsonar
 .bss.rightsonar
                0x0000000020000138        0x8 ./Core/Src/main.o
                0x0000000020000138                rightsonar
 .bss.frontsonar
                0x0000000020000140        0x8 ./Core/Src/main.o
                0x0000000020000140                frontsonar
 .bss.Dist_Obst
                0x0000000020000148        0x4 ./Core/Src/main.o
                0x0000000020000148                Dist_Obst
 *fill*         0x000000002000014c        0x4 
 .bss.Dist_Obst_cm
                0x0000000020000150        0x8 ./Core/Src/main.o
                0x0000000020000150                Dist_Obst_cm
 .bss.sonarcount
                0x0000000020000158        0x4 ./Core/Src/main.o
                0x0000000020000158                sonarcount
 .bss.pinstate  0x000000002000015c        0x1 ./Core/Src/main.o
                0x000000002000015c                pinstate
 *fill*         0x000000002000015d        0x3 
 .bss.xpos      0x0000000020000160        0x8 ./Core/Src/main.o
                0x0000000020000160                xpos
 .bss.ypos      0x0000000020000168        0x8 ./Core/Src/main.o
                0x0000000020000168                ypos
 .bss._ZZ22HAL_GPIO_EXTI_CallbackE6TOGGLE
                0x0000000020000170        0x1 ./Core/Src/main.o
 *fill*         0x0000000020000171        0x3 
 .bss.__sbrk_heap_end
                0x0000000020000174        0x4 ./Core/Src/sysmem.o
 .bss.htim1     0x0000000020000178       0x48 ./Core/Src/tim.o
                0x0000000020000178                htim1
 .bss.htim2     0x00000000200001c0       0x48 ./Core/Src/tim.o
                0x00000000200001c0                htim2
 .bss.htim3     0x0000000020000208       0x48 ./Core/Src/tim.o
                0x0000000020000208                htim3
 .bss.htim4     0x0000000020000250       0x48 ./Core/Src/tim.o
                0x0000000020000250                htim4
 .bss.uwTick    0x0000000020000298        0x4 ./Drivers/STM32F1xx_HAL_Driver/Src/stm32f1xx_hal.o
                0x0000000020000298                uwTick
 .bss._ZN12_GLOBAL__N_113__new_handlerE
                0x000000002000029c        0x4 c:/st/stm32cubeide_1.10.1/stm32cubeide/plugins/com.st.stm32cube.ide.mcu.externaltools.gnu-tools-for-stm32.10.3-2021.10.win32_1.0.0.202111181127/tools/bin/../lib/gcc/arm-none-eabi/10.3.1/../../../../arm-none-eabi/lib/thumb/v7-m/nofp\libstdc++_nano.a(new_handler.o)
 .bss.__malloc_free_list
                0x00000000200002a0        0x4 c:/st/stm32cubeide_1.10.1/stm32cubeide/plugins/com.st.stm32cube.ide.mcu.externaltools.gnu-tools-for-stm32.10.3-2021.10.win32_1.0.0.202111181127/tools/bin/../lib/gcc/arm-none-eabi/10.3.1/../../../../arm-none-eabi/lib/thumb/v7-m/nofp\libc_nano.a(lib_a-nano-mallocr.o)
                0x00000000200002a0                __malloc_free_list
 .bss.__malloc_sbrk_start
                0x00000000200002a4        0x4 c:/st/stm32cubeide_1.10.1/stm32cubeide/plugins/com.st.stm32cube.ide.mcu.externaltools.gnu-tools-for-stm32.10.3-2021.10.win32_1.0.0.202111181127/tools/bin/../lib/gcc/arm-none-eabi/10.3.1/../../../../arm-none-eabi/lib/thumb/v7-m/nofp\libc_nano.a(lib_a-nano-mallocr.o)
                0x00000000200002a4                __malloc_sbrk_start
 .bss.errno     0x00000000200002a8        0x4 c:/st/stm32cubeide_1.10.1/stm32cubeide/plugins/com.st.stm32cube.ide.mcu.externaltools.gnu-tools-for-stm32.10.3-2021.10.win32_1.0.0.202111181127/tools/bin/../lib/gcc/arm-none-eabi/10.3.1/../../../../arm-none-eabi/lib/thumb/v7-m/nofp\libc_nano.a(lib_a-reent.o)
                0x00000000200002a8                errno
 .bss.__lock___malloc_recursive_mutex
                0x00000000200002ac        0x1 c:/st/stm32cubeide_1.10.1/stm32cubeide/plugins/com.st.stm32cube.ide.mcu.externaltools.gnu-tools-for-stm32.10.3-2021.10.win32_1.0.0.202111181127/tools/bin/../lib/gcc/arm-none-eabi/10.3.1/../../../../arm-none-eabi/lib/thumb/v7-m/nofp\libc_nano.a(lib_a-lock.o)
                0x00000000200002ac                __lock___malloc_recursive_mutex
 *(COMMON)
                0x00000000200002b0                . = ALIGN (0x4)
 *fill*         0x00000000200002ad        0x3 
                0x00000000200002b0                _ebss = .
                0x00000000200002b0                __bss_end__ = _ebss

._user_heap_stack
                0x00000000200002b0      0x600 load address 0x000000000800a074
                0x00000000200002b0                . = ALIGN (0x8)
                [!provide]                        PROVIDE (end = .)
                0x00000000200002b0                PROVIDE (_end = .)
                0x00000000200004b0                . = (. + _Min_Heap_Size)
 *fill*         0x00000000200002b0      0x200 
                0x00000000200008b0                . = (. + _Min_Stack_Size)
 *fill*         0x00000000200004b0      0x400 
                0x00000000200008b0                . = ALIGN (0x8)

/DISCARD/
 libc.a(*)
 libm.a(*)
 libgcc.a(*)

.ARM.attributes
                0x0000000000000000       0x29
 *(.ARM.attributes)
 .ARM.attributes
                0x0000000000000000       0x1d c:/st/stm32cubeide_1.10.1/stm32cubeide/plugins/com.st.stm32cube.ide.mcu.externaltools.gnu-tools-for-stm32.10.3-2021.10.win32_1.0.0.202111181127/tools/bin/../lib/gcc/arm-none-eabi/10.3.1/thumb/v7-m/nofp/crti.o
 .ARM.attributes
                0x000000000000001d       0x2d c:/st/stm32cubeide_1.10.1/stm32cubeide/plugins/com.st.stm32cube.ide.mcu.externaltools.gnu-tools-for-stm32.10.3-2021.10.win32_1.0.0.202111181127/tools/bin/../lib/gcc/arm-none-eabi/10.3.1/thumb/v7-m/nofp/crtbegin.o
 .ARM.attributes
                0x000000000000004a       0x2d ./Core/Src/BlocMoteurs.o
 .ARM.attributes
                0x0000000000000077       0x2d ./Core/Src/ControleurPID.o
 .ARM.attributes
                0x00000000000000a4       0x2d ./Core/Src/DefileurTaches.o
 .ARM.attributes
                0x00000000000000d1       0x2d ./Core/Src/EtatDynamiqueRobot.o
 .ARM.attributes
                0x00000000000000fe       0x2d ./Core/Src/FileTaches.o
 .ARM.attributes
                0x000000000000012b       0x2d ./Core/Src/HardEncodeurs.o
 .ARM.attributes
                0x0000000000000158       0x2d ./Core/Src/Odometrie.o
 .ARM.attributes
                0x0000000000000185       0x2d ./Core/Src/adc.o
 .ARM.attributes
                0x00000000000001b2       0x2d ./Core/Src/gpio.o
 .ARM.attributes
                0x00000000000001df       0x2d ./Core/Src/main.o
 .ARM.attributes
                0x000000000000020c       0x2d ./Core/Src/sonar.o
 .ARM.attributes
                0x0000000000000239       0x2d ./Core/Src/stm32f1xx_hal_msp.o
 .ARM.attributes
                0x0000000000000266       0x2d ./Core/Src/stm32f1xx_it.o
 .ARM.attributes
                0x0000000000000293       0x2d ./Core/Src/syscalls.o
 .ARM.attributes
                0x00000000000002c0       0x2d ./Core/Src/sysmem.o
 .ARM.attributes
                0x00000000000002ed       0x2d ./Core/Src/system_stm32f1xx.o
 .ARM.attributes
                0x000000000000031a       0x2d ./Core/Src/tim.o
 .ARM.attributes
                0x0000000000000347       0x21 ./Core/Startup/startup_stm32f103rbtx.o
 .ARM.attributes
                0x0000000000000368       0x2d ./Drivers/STM32F1xx_HAL_Driver/Src/stm32f1xx_hal.o
 .ARM.attributes
                0x0000000000000395       0x2d ./Drivers/STM32F1xx_HAL_Driver/Src/stm32f1xx_hal_adc.o
 .ARM.attributes
                0x00000000000003c2       0x2d ./Drivers/STM32F1xx_HAL_Driver/Src/stm32f1xx_hal_adc_ex.o
 .ARM.attributes
                0x00000000000003ef       0x2d ./Drivers/STM32F1xx_HAL_Driver/Src/stm32f1xx_hal_cortex.o
 .ARM.attributes
                0x000000000000041c       0x2d ./Drivers/STM32F1xx_HAL_Driver/Src/stm32f1xx_hal_gpio.o
 .ARM.attributes
                0x0000000000000449       0x2d ./Drivers/STM32F1xx_HAL_Driver/Src/stm32f1xx_hal_rcc.o
 .ARM.attributes
                0x0000000000000476       0x2d ./Drivers/STM32F1xx_HAL_Driver/Src/stm32f1xx_hal_rcc_ex.o
 .ARM.attributes
                0x00000000000004a3       0x2d ./Drivers/STM32F1xx_HAL_Driver/Src/stm32f1xx_hal_tim.o
 .ARM.attributes
                0x00000000000004d0       0x2d ./Drivers/STM32F1xx_HAL_Driver/Src/stm32f1xx_hal_tim_ex.o
 .ARM.attributes
                0x00000000000004fd       0x2d c:/st/stm32cubeide_1.10.1/stm32cubeide/plugins/com.st.stm32cube.ide.mcu.externaltools.gnu-tools-for-stm32.10.3-2021.10.win32_1.0.0.202111181127/tools/bin/../lib/gcc/arm-none-eabi/10.3.1/../../../../arm-none-eabi/lib/thumb/v7-m/nofp\libstdc++_nano.a(new_op.o)
 .ARM.attributes
                0x000000000000052a       0x2d c:/st/stm32cubeide_1.10.1/stm32cubeide/plugins/com.st.stm32cube.ide.mcu.externaltools.gnu-tools-for-stm32.10.3-2021.10.win32_1.0.0.202111181127/tools/bin/../lib/gcc/arm-none-eabi/10.3.1/../../../../arm-none-eabi/lib/thumb/v7-m/nofp\libstdc++_nano.a(new_handler.o)
 .ARM.attributes
                0x0000000000000557       0x2d c:/st/stm32cubeide_1.10.1/stm32cubeide/plugins/com.st.stm32cube.ide.mcu.externaltools.gnu-tools-for-stm32.10.3-2021.10.win32_1.0.0.202111181127/tools/bin/../lib/gcc/arm-none-eabi/10.3.1/../../../../arm-none-eabi/lib/thumb/v7-m/nofp\libm.a(lib_a-s_cos.o)
 .ARM.attributes
                0x0000000000000584       0x2d c:/st/stm32cubeide_1.10.1/stm32cubeide/plugins/com.st.stm32cube.ide.mcu.externaltools.gnu-tools-for-stm32.10.3-2021.10.win32_1.0.0.202111181127/tools/bin/../lib/gcc/arm-none-eabi/10.3.1/../../../../arm-none-eabi/lib/thumb/v7-m/nofp\libm.a(lib_a-s_fmin.o)
 .ARM.attributes
                0x00000000000005b1       0x2d c:/st/stm32cubeide_1.10.1/stm32cubeide/plugins/com.st.stm32cube.ide.mcu.externaltools.gnu-tools-for-stm32.10.3-2021.10.win32_1.0.0.202111181127/tools/bin/../lib/gcc/arm-none-eabi/10.3.1/../../../../arm-none-eabi/lib/thumb/v7-m/nofp\libm.a(lib_a-s_fpclassify.o)
 .ARM.attributes
                0x00000000000005de       0x2d c:/st/stm32cubeide_1.10.1/stm32cubeide/plugins/com.st.stm32cube.ide.mcu.externaltools.gnu-tools-for-stm32.10.3-2021.10.win32_1.0.0.202111181127/tools/bin/../lib/gcc/arm-none-eabi/10.3.1/../../../../arm-none-eabi/lib/thumb/v7-m/nofp\libm.a(lib_a-s_sin.o)
 .ARM.attributes
                0x000000000000060b       0x2d c:/st/stm32cubeide_1.10.1/stm32cubeide/plugins/com.st.stm32cube.ide.mcu.externaltools.gnu-tools-for-stm32.10.3-2021.10.win32_1.0.0.202111181127/tools/bin/../lib/gcc/arm-none-eabi/10.3.1/../../../../arm-none-eabi/lib/thumb/v7-m/nofp\libm.a(lib_a-sf_fmax.o)
 .ARM.attributes
                0x0000000000000638       0x2d c:/st/stm32cubeide_1.10.1/stm32cubeide/plugins/com.st.stm32cube.ide.mcu.externaltools.gnu-tools-for-stm32.10.3-2021.10.win32_1.0.0.202111181127/tools/bin/../lib/gcc/arm-none-eabi/10.3.1/../../../../arm-none-eabi/lib/thumb/v7-m/nofp\libm.a(lib_a-sf_fmin.o)
 .ARM.attributes
                0x0000000000000665       0x2d c:/st/stm32cubeide_1.10.1/stm32cubeide/plugins/com.st.stm32cube.ide.mcu.externaltools.gnu-tools-for-stm32.10.3-2021.10.win32_1.0.0.202111181127/tools/bin/../lib/gcc/arm-none-eabi/10.3.1/../../../../arm-none-eabi/lib/thumb/v7-m/nofp\libm.a(lib_a-sf_fpclassify.o)
 .ARM.attributes
                0x0000000000000692       0x2d c:/st/stm32cubeide_1.10.1/stm32cubeide/plugins/com.st.stm32cube.ide.mcu.externaltools.gnu-tools-for-stm32.10.3-2021.10.win32_1.0.0.202111181127/tools/bin/../lib/gcc/arm-none-eabi/10.3.1/../../../../arm-none-eabi/lib/thumb/v7-m/nofp\libm.a(lib_a-w_atan2.o)
 .ARM.attributes
                0x00000000000006bf       0x2d c:/st/stm32cubeide_1.10.1/stm32cubeide/plugins/com.st.stm32cube.ide.mcu.externaltools.gnu-tools-for-stm32.10.3-2021.10.win32_1.0.0.202111181127/tools/bin/../lib/gcc/arm-none-eabi/10.3.1/../../../../arm-none-eabi/lib/thumb/v7-m/nofp\libm.a(lib_a-w_pow.o)
 .ARM.attributes
                0x00000000000006ec       0x2d c:/st/stm32cubeide_1.10.1/stm32cubeide/plugins/com.st.stm32cube.ide.mcu.externaltools.gnu-tools-for-stm32.10.3-2021.10.win32_1.0.0.202111181127/tools/bin/../lib/gcc/arm-none-eabi/10.3.1/../../../../arm-none-eabi/lib/thumb/v7-m/nofp\libm.a(lib_a-w_sqrt.o)
 .ARM.attributes
                0x0000000000000719       0x2d c:/st/stm32cubeide_1.10.1/stm32cubeide/plugins/com.st.stm32cube.ide.mcu.externaltools.gnu-tools-for-stm32.10.3-2021.10.win32_1.0.0.202111181127/tools/bin/../lib/gcc/arm-none-eabi/10.3.1/../../../../arm-none-eabi/lib/thumb/v7-m/nofp\libm.a(lib_a-e_atan2.o)
 .ARM.attributes
                0x0000000000000746       0x2d c:/st/stm32cubeide_1.10.1/stm32cubeide/plugins/com.st.stm32cube.ide.mcu.externaltools.gnu-tools-for-stm32.10.3-2021.10.win32_1.0.0.202111181127/tools/bin/../lib/gcc/arm-none-eabi/10.3.1/../../../../arm-none-eabi/lib/thumb/v7-m/nofp\libm.a(lib_a-e_pow.o)
 .ARM.attributes
                0x0000000000000773       0x2d c:/st/stm32cubeide_1.10.1/stm32cubeide/plugins/com.st.stm32cube.ide.mcu.externaltools.gnu-tools-for-stm32.10.3-2021.10.win32_1.0.0.202111181127/tools/bin/../lib/gcc/arm-none-eabi/10.3.1/../../../../arm-none-eabi/lib/thumb/v7-m/nofp\libm.a(lib_a-e_rem_pio2.o)
 .ARM.attributes
                0x00000000000007a0       0x2d c:/st/stm32cubeide_1.10.1/stm32cubeide/plugins/com.st.stm32cube.ide.mcu.externaltools.gnu-tools-for-stm32.10.3-2021.10.win32_1.0.0.202111181127/tools/bin/../lib/gcc/arm-none-eabi/10.3.1/../../../../arm-none-eabi/lib/thumb/v7-m/nofp\libm.a(lib_a-e_sqrt.o)
 .ARM.attributes
                0x00000000000007cd       0x2d c:/st/stm32cubeide_1.10.1/stm32cubeide/plugins/com.st.stm32cube.ide.mcu.externaltools.gnu-tools-for-stm32.10.3-2021.10.win32_1.0.0.202111181127/tools/bin/../lib/gcc/arm-none-eabi/10.3.1/../../../../arm-none-eabi/lib/thumb/v7-m/nofp\libm.a(lib_a-k_cos.o)
 .ARM.attributes
                0x00000000000007fa       0x2d c:/st/stm32cubeide_1.10.1/stm32cubeide/plugins/com.st.stm32cube.ide.mcu.externaltools.gnu-tools-for-stm32.10.3-2021.10.win32_1.0.0.202111181127/tools/bin/../lib/gcc/arm-none-eabi/10.3.1/../../../../arm-none-eabi/lib/thumb/v7-m/nofp\libm.a(lib_a-k_rem_pio2.o)
 .ARM.attributes
                0x0000000000000827       0x2d c:/st/stm32cubeide_1.10.1/stm32cubeide/plugins/com.st.stm32cube.ide.mcu.externaltools.gnu-tools-for-stm32.10.3-2021.10.win32_1.0.0.202111181127/tools/bin/../lib/gcc/arm-none-eabi/10.3.1/../../../../arm-none-eabi/lib/thumb/v7-m/nofp\libm.a(lib_a-k_sin.o)
 .ARM.attributes
                0x0000000000000854       0x2d c:/st/stm32cubeide_1.10.1/stm32cubeide/plugins/com.st.stm32cube.ide.mcu.externaltools.gnu-tools-for-stm32.10.3-2021.10.win32_1.0.0.202111181127/tools/bin/../lib/gcc/arm-none-eabi/10.3.1/../../../../arm-none-eabi/lib/thumb/v7-m/nofp\libm.a(lib_a-math_err.o)
 .ARM.attributes
                0x0000000000000881       0x2d c:/st/stm32cubeide_1.10.1/stm32cubeide/plugins/com.st.stm32cube.ide.mcu.externaltools.gnu-tools-for-stm32.10.3-2021.10.win32_1.0.0.202111181127/tools/bin/../lib/gcc/arm-none-eabi/10.3.1/../../../../arm-none-eabi/lib/thumb/v7-m/nofp\libm.a(lib_a-s_atan.o)
 .ARM.attributes
                0x00000000000008ae       0x2d c:/st/stm32cubeide_1.10.1/stm32cubeide/plugins/com.st.stm32cube.ide.mcu.externaltools.gnu-tools-for-stm32.10.3-2021.10.win32_1.0.0.202111181127/tools/bin/../lib/gcc/arm-none-eabi/10.3.1/../../../../arm-none-eabi/lib/thumb/v7-m/nofp\libm.a(lib_a-s_fabs.o)
 .ARM.attributes